gc28(8): 20+12+23248+3 us, 213 -> 426 MB, 874487 (1739854-865367) objects, 3619/738/0 sweeps, 32(1157) handoff, 20(119) steal, 383/46/0 yields
gc29(8): 16+14+25301+17 us, 260 -> 520 MB, 5205322 (7389202-2183880) objects, 7424/5747/0 sweeps, 39(2442) handoff, 32(195) steal, 346/28/0 yields
gc30(8): 33+14+41243+10 us, 293 -> 586 MB, 6075301 (13596523-7521222) objects, 35883/31662/0 sweeps, 31(1389) handoff, 34(337) steal, 297/16/0 yields
gc31(8): 24+27+38097+27 us, 322 -> 645 MB, 6765726 (20227217-13461491) objects, 44214/39649/0 sweeps, 30(1477) handoff, 51(458) steal, 314/20/0 yields
gc32(8): 50+11+49338+23 us, 353 -> 706 MB, 7659936 (27380145-19720209) objects, 51916/40555/0 sweeps, 36(2128) handoff, 35(364) steal, 358/30/0 yields
gc33(8): 26+12+46679+16 us, 377 -> 755 MB, 8317495 (34966042-26648547) objects, 59535/44047/0 sweeps, 28(781) handoff, 34(304) steal, 312/23/0 yields
gc34(8): 42+7+57681+3 us, 401 -> 802 MB, 8928997 (42949392-34020395) objects, 65879/46950/0 sweeps, 30(1332) handoff, 34(288) steal, 311/25/0 yields
gc35(8): 33+15+60204+13 us, 428 -> 856 MB, 9711918 (51456155-41744237) objects, 71587/48855/0 sweeps, 30(1163) handoff, 33(338) steal, 298/15/0 yields
gc36(8): 30+16+91415+9 us, 451 -> 902 MB, 10383227 (60374834-49991607) objects, 78371/53482/0 sweeps, 42(2594) handoff, 39(353) steal, 344/27/0 yields
gc37(8): 29+97+72795+24 us, 464 -> 928 MB, 10729357 (69542153-58812796) objects, 84414/63750/0 sweeps, 32(1345) handoff, 29(307) steal, 317/11/0 yields
gc38(8): 39+10+79069+22 us, 466 -> 933 MB, 10786953 (78729846-67942893) objects, 87569/49367/0 sweeps, 24(1013) handoff, 31(281) steal, 355/28/0 yields
gc39(8): 25+12+85744+15 us, 468 -> 937 MB, 10824593 (87927328-77102735) objects, 88170/56448/0 sweeps, 33(1438) handoff, 39(365) steal, 330/26/0 yields
gc40(8): 24+13+81275+20 us, 470 -> 941 MB, 10876266 (97172362-86296096) objects, 88816/53028/0 sweeps, 35(1365) handoff, 38(416) steal, 310/19/0 yields
gc41(8): 31+15+82669+47 us, 472 -> 945 MB, 10941806 (106464759-95522953) objects, 89138/43722/0 sweeps, 29(1173) handoff, 32(356) steal, 281/82/5 yields
gc42(8): 20+8+132113+11 us, 473 -> 947 MB, 10841551 (116464948-105623397) objects, 89795/54327/0 sweeps, 31(1228) handoff, 34(427) steal, 377/38/0 yields
gc43(8): 21+19+129283+121 us, 515 -> 1031 MB, 11800634 (127291095-115490461) objects, 93118/85849/0 sweeps, 34(1602) handoff, 44(485) steal, 324/55/1 yields
gc44(8): 18+13+158046+15 us, 562 -> 1125 MB, 12981023 (138991267-126010244) objects, 101105/91294/0 sweeps, 25(1095) handoff, 40(429) steal, 350/20/0 yields
gc45(8): 22+12+175124+18 us, 606 -> 1212 MB, 14062890 (151544555-137481665) objects, 113041/100964/0 sweeps, 30(1040) handoff, 36(413) steal, 385/43/0 yields
gc46(8): 20+14+188628+110 us, 671 -> 1342 MB, 15741811 (165256668-149514857) objects, 124455/110354/0 sweeps, 28(1770) handoff, 33(498) steal, 328/77/1 yields
gc47(8): 31+15+209747+12 us, 730 -> 1460 MB, 17276610 (180049954-162773344) objects, 140872/122852/0 sweeps, 39(2490) handoff, 43(551) steal, 451/47/0 yields
gc48(8): 24+11+256446+3 us, 784 -> 1569 MB, 18669373 (195832924-177163551) objects, 156002/137697/0 sweeps, 29(1646) handoff, 43(517) steal, 374/89/4 yields
gc49(8): 76+12+257859+81 us, 836 -> 1672 MB, 19968449 (212617925-192649476) objects, 169912/144123/0 sweeps, 29(1578) handoff, 46(574) steal, 379/92/7 yields
gc50(8): 137+12+276818+56 us, 892 -> 1784 MB, 21388830 (230394463-209005633) objects, 183143/156435/0 sweeps, 42(1263) handoff, 35(547) steal, 381/84/1 yields
scvg0: inuse: 3, idle: 0, sys: 4, released: 0, consumed: 4 (MB)
gc51(8): 53+9+300140+99 us, 947 -> 1894 MB, 22766444 (249122511-226356067) objects, 197572/164542/0 sweeps, 36(1947) handoff, 28(449) steal, 353/94/2 yields
scvg0: inuse: 1704, idle: 203, sys: 1907, released: 0, consumed: 1907 (MB)
gc52(8): 28+18+343232+101 us, 1001 -> 2002 MB, 24167998 (268923040-244755042) objects, 211649/185451/0 sweeps, 27(1328) handoff, 27(472) steal, 363/62/1 yields
gc53(8): 28+9+371062+25 us, 1057 -> 2115 MB, 25615137 (289706976-264091839) objects, 225334/193830/0 sweeps, 28(1267) handoff, 33(515) steal, 341/85/4 yields
gc54(8): 24+14+392729+28 us, 1110 -> 2220 MB, 26936678 (311458025-284521347) objects, 239915/178833/0 sweeps, 24(1082) handoff, 35(497) steal, 292/14/0 yields
gc55(8): 55+12+558169+34 us, 1166 -> 2333 MB, 28374477 (334225598-305851121) objects, 253301/175911/0 sweeps, 30(1382) handoff, 22(326) steal, 329/77/6 yields
gc56(8): 34+14+415810+3 us, 1223 -> 2446 MB, 29849632 (357967505-328117873) objects, 267781/190207/0 sweeps, 36(1271) handoff, 45(479) steal, 361/34/0 yields
gc57(8): 21+16+472101+20 us, 1271 -> 2543 MB, 31064692 (382609621-351544929) objects, 282303/206021/0 sweeps, 29(1274) handoff, 34(375) steal, 342/44/0 yields
gc58(8): 20+13+477206+9 us, 1326 -> 2653 MB, 32485821 (408277077-375791256) objects, 294694/215667/0 sweeps, 21(1061) handoff, 35(409) steal, 283/64/0 yields
gc59(8): 24+18+528537+14 us, 1381 -> 2762 MB, 33858600 (434943193-401084593) objects, 308656/196953/0 sweeps, 31(2000) handoff, 27(331) steal, 338/50/0 yields
gc60(8): 32+11+498102+14 us, 1436 -> 2872 MB, 35291168 (462586972-427295804) objects, 322555/230805/0 sweeps, 23(947) handoff, 33(368) steal, 315/27/0 yields
gc61(8): 26+11+561903+6 us, 1485 -> 2970 MB, 36517661 (491112915-454595254) objects, 336585/240483/0 sweeps, 25(1115) handoff, 26(247) steal, 314/15/0 yields
scvg1: inuse: 3, idle: 0, sys: 4, released: 0, consumed: 4 (MB)
gc62(8): 30+16+634144+24 us, 1537 -> 3075 MB, 37836435 (520596743-482760308) objects, 349174/249097/0 sweeps, 28(1339) handoff, 37(372) steal, 321/22/0 yields
scvg1: inuse: 2361, idle: 736, sys: 3097, released: 0, consumed: 3097 (MB)
gc63(8): 71+6+815863+3 us, 1590 -> 3181 MB, 39179789 (551095060-511915271) objects, 362449/252870/0 sweeps, 39(1335) handoff, 37(240) steal, 343/77/4 yields
gc64(8): 44+12+672689+113 us, 1648 -> 3296 MB, 40664904 (582675844-542010940) objects, 375993/245818/0 sweeps, 34(1876) handoff, 23(246) steal, 373/63/1 yields
gc65(8): 59+12+646601+16 us, 1705 -> 3410 MB, 42145357 (615363123-573217766) objects, 390581/275667/0 sweeps, 33(1256) handoff, 52(387) steal, 408/49/0 yields
gc66(8): 135+7+813487+10 us, 1763 -> 3526 MB, 43637149 (649168858-605531709) objects, 405011/281984/0 sweeps, 19(1262) handoff, 27(203) steal, 299/24/0 yields
gc67(8): 25+9+921945+24 us, 1822 -> 3644 MB, 45092140 (684068832-638976692) objects, 419822/260783/0 sweeps, 22(1019) handoff, 30(273) steal, 311/13/0 yields
gc68(8): 95+14+804963+47 us, 1880 -> 3761 MB, 46534594 (720037807-673503213) objects, 434813/249459/0 sweeps, 20(1259) handoff, 17(187) steal, 303/79/7 yields
gc69(8): 32+11+990534+10 us, 1945 -> 3891 MB, 48263656 (757296044-709032388) objects, 449800/226748/0 sweeps, 26(1101) handoff, 26(195) steal, 320/69/0 yields
gc18(8): 61+1450+5807+15 us, 1 -> 2 MB, 21616 (122857-101241) objects, 393/376/0 sweeps, 52(965) handoff, 8(12) steal, 462/80/45 yields
scvg2: GC forced
scvg2: inuse: 3, idle: 0, sys: 4, released: 0, consumed: 4 (MB)
gc19(8): 9+3650+392+2 us, 1 -> 1 MB, 11486 (122859-111373) objects, 409/41/365 sweeps, 65(1251) handoff, 8(12) steal, 348/21/0 yields
gc20(8): 10+487+345+9 us, 1 -> 1 MB, 11415 (122860-111445) objects, 410/19/301 sweeps, 56(1082) handoff, 8(12) steal, 389/26/0 yields
gc21(8): 6+435+419+16 us, 1 -> 1 MB, 11395 (122860-111465) objects, 410/0/315 sweeps, 80(1354) handoff, 8(13) steal, 474/41/0 yields
gc70(8): 48+9+1003411+20 us, 2011 -> 4023 MB, 49933287 (795846075-745912788) objects, 466379/299775/0 sweeps, 39(1654) handoff, 32(248) steal, 332/20/0 yields
scvg2: inuse: 3824, idle: 224, sys: 4048, released: 0, consumed: 4048 (MB)
gc71(8): 169+10+1051030+13 us, 2081 -> 4162 MB, 51717826 (835731281-784013455) objects, 483382/322871/0 sweeps, 25(1170) handoff, 28(243) steal, 314/44/0 yields
gc72(8): 26+19+1093203+121 us, 2153 -> 4306 MB, 53558314 (876958505-823400191) objects, 501164/270039/0 sweeps, 24(1261) handoff, 15(109) steal, 352/67/1 yields
gc73(8): 31+9+1201715+35 us, 2223 -> 4446 MB, 55338532 (919523289-864184757) objects, 519438/327887/0 sweeps, 24(903) handoff, 28(188) steal, 380/100/21 yields
gc74(8): 998+10+1115860+25 us, 2299 -> 4598 MB, 57721998 (963697111-905975113) objects, 537407/240632/0 sweeps, 28(939) handoff, 20(139) steal, 369/42/0 yields
gc75(8): 33+10+840700+115 us, 2344 -> 4690 MB, 60539918 (1009747975-949208057) objects, 556774/216794/0 sweeps, 31(1274) handoff, 34(288) steal, 359/93/9 yields
scvg3: inuse: 2, idle: 1, sys: 4, released: 0, consumed: 4 (MB)
scvg3: inuse: 4559, idle: 206, sys: 4765, released: 0, consumed: 4765 (MB)
gc76(8): 16+14+816411+30 us, 2299 -> 4598 MB, 59217852 (1054991042-995773190) objects, 576110/392224/0 sweeps, 29(1347) handoff, 26(221) steal, 298/76/6 yields
gc77(8): 63+10+769832+43 us, 2230 -> 4460 MB, 57447914 (1098933254-1041485340) objects, 576110/385427/0 sweeps, 39(1076) handoff, 26(233) steal, 400/85/4 yields
gc78(8): 41+12+1145903+9 us, 2159 -> 4319 MB, 55543466 (1141325770-1085782304) objects, 576110/373952/0 sweeps, 32(1591) handoff, 22(134) steal, 388/89/6 yields
gc79(8): 11+10+830219+19 us, 2087 -> 4174 MB, 53646005 (1182303976-1128657971) objects, 576110/255377/0 sweeps, 32(1176) handoff, 29(260) steal, 376/83/10 yields
gc80(8): 97+10+755338+26 us, 2023 -> 4046 MB, 52044143 (1222208341-1170164198) objects, 576110/336513/0 sweeps, 36(1538) handoff, 23(258) steal, 354/78/5 yields
gc81(8): 66+8+708750+155 us, 1963 -> 3926 MB, 50438162 (1260952380-1210514218) objects, 576110/338766/0 sweeps, 20(957) handoff, 35(304) steal, 395/82/3 yields
scvg4: inuse: 2, idle: 1, sys: 4, released: 0, consumed: 4 (MB)
scvg4: inuse: 4047, idle: 718, sys: 4765, released: 0, consumed: 4765 (MB)
gc82(8): 71+10+663435+3 us, 1904 -> 3809 MB, 48831464 (1298475766-1249644302) objects, 576110/327020/0 sweeps, 28(807) handoff, 25(254) steal, 369/75/4 yields
gc83(8): 39+7+704514+102 us, 1846 -> 3693 MB, 47286847 (1334859710-1287572863) objects, 576110/327509/0 sweeps, 34(1183) handoff, 26(285) steal, 393/84/4 yields
gc84(8): 7+9+641603+97 us, 1790 -> 3581 MB, 45810643 (1370176037-1324365394) objects, 576110/314297/0 sweeps, 29(1247) handoff, 43(348) steal, 342/78/7 yields
gc85(8): 33+10+637447+131 us, 1737 -> 3474 MB, 44364840 (1404416541-1360051701) objects, 576110/306522/0 sweeps, 30(1249) handoff, 31(267) steal, 366/77/7 yields
gc86(8): 42+16+605300+90 us, 1684 -> 3369 MB, 42962781 (1437646323-1394683542) objects, 576110/305465/0 sweeps, 35(1472) handoff, 29(226) steal, 408/89/1 yields
gc87(8): 54+10+571830+20 us, 1635 -> 3270 MB, 41629395 (1469901944-1428272549) objects, 576110/298252/0 sweeps, 34(1137) handoff, 29(305) steal, 393/101/2 yields
gc88(8): 30+9+530558+15 us, 1586 -> 3173 MB, 40352376 (1501256436-1460904060) objects, 576110/296896/0 sweeps, 35(1562) handoff, 19(211) steal, 456/108/4 yields
gc22(8): 86+91+2388+20 us, 1 -> 1 MB, 11393 (122860-111467) objects, 410/313/0 sweeps, 46(694) handoff, 6(9) steal, 387/71/1 yields
scvg5: GC forced
scvg5: inuse: 2, idle: 1, sys: 4, released: 0, consumed: 4 (MB)
gc89(8): 37+12+561217+27 us, 1540 -> 3080 MB, 39114300 (1531699540-1492585240) objects, 576110/292286/0 sweeps, 46(2326) handoff, 21(232) steal, 352/53/0 yields
scvg5: inuse: 3805, idle: 960, sys: 4765, released: 0, consumed: 4765 (MB)
gc90(8): 57+9+494804+4 us, 1494 -> 2988 MB, 37801557 (1561111325-1523309768) objects, 576110/179646/0 sweeps, 20(635) handoff, 29(281) steal, 353/85/7 yields
gc91(8): 50+10+526170+20 us, 1444 -> 2888 MB, 36469892 (1589593343-1553123451) objects, 576110/259915/0 sweeps, 35(1342) handoff, 29(317) steal, 363/59/0 yields
gc92(8): 9+11+454575+24 us, 1404 -> 2809 MB, 35459550 (1617268073-1581808523) objects, 576110/260048/0 sweeps, 29(1112) handoff, 30(259) steal, 392/36/0 yields
gc93(8): 22+15+458874+21 us, 1361 -> 2723 MB, 34329177 (1644108295-1609779118) objects, 576110/248640/0 sweeps, 32(1499) handoff, 34(305) steal, 417/72/0 yields
gc94(8): 20+9+414215+37 us, 1319 -> 2639 MB, 33172979 (1670037825-1636864846) objects, 576110/146560/0 sweeps, 18(973) handoff, 38(337) steal, 329/79/6 yields
gc95(8): 28+12+398652+29 us, 1277 -> 2555 MB, 32050596 (1695129392-1663078796) objects, 576110/229202/0 sweeps, 18(786) handoff, 30(254) steal, 349/31/0 yields
gc96(8): 51+9+365047+102 us, 1238 -> 2476 MB, 30965355 (1719365292-1688399937) objects, 576110/223260/0 sweeps, 27(1267) handoff, 27(300) steal, 403/82/1 yields
gc97(8): 80+7+391084+27 us, 1198 -> 2396 MB, 29916395 (1742825851-1712909456) objects, 576110/217506/0 sweeps, 29(964) handoff, 40(362) steal, 358/61/0 yields
gc98(8): 39+18+345986+13 us, 1160 -> 2321 MB, 28886248 (1765497894-1736611646) objects, 576110/207637/0 sweeps, 36(2074) handoff, 39(387) steal, 361/53/0 yields
scvg6: inuse: 2, idle: 1, sys: 4, released: 0, consumed: 4 (MB)
gc99(8): 40+9+317282+44 us, 1123 -> 2247 MB, 27882865 (1787400969-1759518104) objects, 576110/195620/0 sweeps, 23(743) handoff, 29(295) steal, 334/88/5 yields
gc100(8): 45+15+325547+55 us, 1087 -> 2174 MB, 26924883 (1808606468-1781681585) objects, 576110/143525/0 sweeps, 28(1582) handoff, 27(309) steal, 391/100/3 yields
scvg6: inuse: 3128, idle: 1637, sys: 4765, released: 0, consumed: 4765 (MB)
gc101(8): 37+12+287074+26 us, 1052 -> 2105 MB, 25983111 (1829107806-1803124695) objects, 576110/186426/0 sweeps, 29(1183) handoff, 29(317) steal, 396/47/0 yields
gc102(8): 48+9+276761+15 us, 1019 -> 2038 MB, 25106367 (1848985941-1823879574) objects, 576110/106421/0 sweeps, 25(1335) handoff, 29(331) steal, 331/15/0 yields
gc103(8): 40+13+262472+18 us, 985 -> 1971 MB, 24205361 (1868189111-1843983750) objects, 576110/177338/0 sweeps, 28(1383) handoff, 40(406) steal, 371/38/0 yields
gc104(8): 43+11+249788+22 us, 954 -> 1909 MB, 23373269 (1886785523-1863412254) objects, 576110/126547/0 sweeps, 26(1263) handoff, 48(475) steal, 362/39/0 yields
gc105(8): 50+9+241810+3 us, 924 -> 1848 MB, 22561954 (1904789251-1882227297) objects, 576110/121558/0 sweeps, 25(925) handoff, 15(244) steal, 324/20/0 yields
gc106(8): 41+18+239834+22 us, 894 -> 1789 MB, 21772400 (1922221106-1900448706) objects, 576110/160944/0 sweeps, 25(1261) handoff, 35(364) steal, 376/35/0 yields
gc107(8): 72+26+217191+14 us, 866 -> 1732 MB, 21033334 (1939145255-1918111921) objects, 576110/164063/0 sweeps, 28(1313) handoff, 38(424) steal, 366/28/0 yields
gc108(8): 18+17+212577+30 us, 838 -> 1677 MB, 20299337 (1955539883-1935240546) objects, 576110/113812/0 sweeps, 24(950) handoff, 39(460) steal, 354/28/0 yields
gc109(8): 31+13+212677+3 us, 812 -> 1624 MB, 19613891 (1971465842-1951851951) objects, 576110/93528/0 sweeps, 33(1718) handoff, 41(521) steal, 362/58/0 yields
gc110(8): 48+16+190931+26 us, 786 -> 1573 MB, 18949934 (1986929747-1967979813) objects, 576110/148100/0 sweeps, 34(1702) handoff, 42(501) steal, 441/58/0 yields
gc111(8): 23+15+199922+10 us, 762 -> 1525 MB, 18320633 (2001958235-1983637602) objects, 576110/118127/0 sweeps, 24(1011) handoff, 35(445) steal, 294/21/0 yields
gc112(8): 31+11+182630+18 us, 738 -> 1478 MB, 17687256 (2016506211-1998818955) objects, 576110/147207/0 sweeps, 27(1021) handoff, 48(512) steal, 400/65/0 yields
gc113(8): 36+19+163616+129 us, 715 -> 1431 MB, 17101632 (2030679123-2013577491) objects, 576110/149059/0 sweeps, 27(1126) handoff, 36(441) steal, 348/61/2 yields
gc114(8): 34+23+165602+22 us, 693 -> 1386 MB, 16551831 (2044519645-2027967814) objects, 576110/97365/0 sweeps, 33(1513) handoff, 46(547) steal, 379/31/0 yields
gc115(8): 31+10+147937+21 us, 673 -> 1346 MB, 16018914 (2057979379-2041960465) objects, 576110/148694/0 sweeps, 20(807) handoff, 37(486) steal, 336/29/0 yields
gc116(8): 44+8+150897+3 us, 652 -> 1305 MB, 15484863 (2071032945-2055548082) objects, 576110/147284/0 sweeps, 26(1244) handoff, 26(394) steal, 297/31/0 yields
gc117(8): 40+14+150674+106 us, 631 -> 1264 MB, 14984703 (2083774533-2068789830) objects, 576110/146890/0 sweeps, 13(700) handoff, 34(435) steal, 296/67/2 yields
gc118(8): 16+12+128804+17 us, 613 -> 1226 MB, 14505462 (2096184305-2081678843) objects, 576110/148620/0 sweeps, 28(1199) handoff, 33(423) steal, 289/23/0 yields
gc119(8): 16+11+132180+126 us, 594 -> 1189 MB, 14063352 (2108327769-2094264417) objects, 576110/152409/0 sweeps, 33(1612) handoff, 39(476) steal, 373/71/2 yields
gc120(8): 30+10+129624+54 us, 576 -> 1154 MB, 13607839 (2120130179-2106522340) objects, 576110/147404/0 sweeps, 5609(394368) handoff, 35(439) steal, 25738/4182/14 yields
gc121(8): 17+11+121180+19 us, 558 -> 1117 MB, 13187658 (2131696779-2118509121) objects, 576110/155111/0 sweeps, 6684(429099) handoff, 39(461) steal, 29577/5348/21 yields
gc23(8): 12+15+313+11 us, 1 -> 1 MB, 11393 (122861-111468) objects, 410/312/0 sweeps, 56(892) handoff, 6(9) steal, 394/20/0 yields
scvg7: GC forced
scvg7: 0 MB released
scvg7: inuse: 2, idle: 1, sys: 4, released: 0, consumed: 3 (MB)
gc122(8): 19+10+135760+11 us, 542 -> 1084 MB, 12797011 (2143000888-2130203877) objects, 576110/154322/0 sweeps, 10576(626065) handoff, 30(344) steal, 51857/11121/111 yields
gc123(8): 18+12+122823+5 us, 525 -> 1051 MB, 12418215 (2154060331-2141642116) objects, 576110/157779/0 sweeps, 11108(647097) handoff, 48(455) steal, 54585/11721/75 yields
scvg7: inuse: 1595, idle: 3170, sys: 4765, released: 0, consumed: 4765 (MB)
gc124(8): 38+11+130969+45 us, 509 -> 1018 MB, 12068982 (2164919819-2152850837) objects, 576110/153626/0 sweeps, 13252(730606) handoff, 35(374) steal, 66707/14876/119 yields
gc125(8): 33+11+131074+39 us, 493 -> 986 MB, 11723355 (2175544297-2163820942) objects, 576110/156611/0 sweeps, 11267(704652) handoff, 48(445) steal, 47018/9904/78 yields
gc126(8): 21+13+127115+30 us, 479 -> 958 MB, 11441375 (2186005841-2174564466) objects, 576110/144174/0 sweeps, 14420(810233) handoff, 23(299) steal, 72735/16455/123 yields
gc127(8): 21+18+132724+127 us, 469 -> 939 MB, 11278033 (2196329916-2185051883) objects, 576110/127465/0 sweeps, 15562(847021) handoff, 21(250) steal, 81549/18992/151 yields
gc128(8): 27+12+139380+17 us, 461 -> 922 MB, 11144855 (2206558483-2195413628) objects, 576110/115920/0 sweeps, 18279(980831) handoff, 28(254) steal, 96923/24028/242 yields
gc129(8): 20+14+139714+30 us, 452 -> 905 MB, 10959360 (2216647842-2205688482) objects, 576110/102679/0 sweeps, 16248(908859) handoff, 28(256) steal, 85185/20301/192 yields
gc130(8): 24+12+143781+20 us, 446 -> 892 MB, 10837276 (2226650658-2215813382) objects, 576110/93097/0 sweeps, 17790(954826) handoff, 38(337) steal, 96714/24609/271 yields
gc131(8): 27+13+144710+16 us, 440 -> 881 MB, 10761871 (2236604980-2225843109) objects, 576110/86931/0 sweeps, 17054(961514) handoff, 31(287) steal, 90438/22362/242 yields
gc132(8): 11+9+145529+3 us, 435 -> 871 MB, 10672926 (2246497836-2235824910) objects, 576110/82915/0 sweeps, 18048(991062) handoff, 23(261) steal, 97092/23903/244 yields
gc133(8): 36+14+144225+16 us, 432 -> 865 MB, 10627980 (2256344594-2245716614) objects, 576110/79035/0 sweeps, 18297(970327) handoff, 26(241) steal, 98993/24279/245 yields
gc134(8): 24+15+144914+149 us, 431 -> 862 MB, 10597223 (2266159463-2255562240) objects, 576110/76485/0 sweeps, 18039(983311) handoff, 28(280) steal, 97830/24274/220 yields
gc135(8): 19+12+161003+4 us, 431 -> 862 MB, 10644439 (2276018381-2265373942) objects, 576110/76640/0 sweeps, 16300(942664) handoff, 36(310) steal, 80402/20456/320 yields
gc136(8): 48+9+160627+36 us, 427 -> 855 MB, 10539215 (2285798472-2275259257) objects, 576110/75928/0 sweeps, 18737(1071499) handoff, 24(260) steal, 95944/23813/276 yields
gc137(8): 15+14+150752+39 us, 426 -> 853 MB, 10540681 (2295589995-2285049314) objects, 576110/74401/0 sweeps, 17243(931928) handoff, 35(298) steal, 93107/24252/413 yields
gc138(8): 13+9+147401+6 us, 420 -> 840 MB, 10316139 (2305209795-2294893656) objects, 576110/74176/0 sweeps, 17676(968154) handoff, 30(254) steal, 96201/24307/312 yields
gc139(8): 29+11+141724+18 us, 423 -> 847 MB, 10410280 (2314892007-2304481727) objects, 576110/74435/0 sweeps, 18031(944999) handoff, 42(327) steal, 97741/24450/277 yields
gc140(8): 44+8+139536+23 us, 424 -> 849 MB, 10448857 (2324597179-2314148322) objects, 576110/73876/0 sweeps, 17675(983681) handoff, 33(326) steal, 92425/21910/179 yields
gc141(8): 25+15+144356+10 us, 429 -> 859 MB, 10593507 (2334405051-2323811544) objects, 576110/73693/0 sweeps, 18601(980486) handoff, 30(267) steal, 101995/25093/280 yields
scvg8: 0 MB released
scvg8: inuse: 2, idle: 1, sys: 4, released: 1, consumed: 2 (MB)
gc142(8): 28+13+146387+19 us, 429 -> 859 MB, 10601878 (2344221461-2333619583) objects, 576110/74044/0 sweeps, 16017(901420) handoff, 35(334) steal, 84543/20944/212 yields
gc143(8): 25+13+158787+16 us, 430 -> 861 MB, 10627890 (2354057020-2343429130) objects, 576110/75121/0 sweeps, 18477(1016728) handoff, 24(262) steal, 94895/24455/315 yields
scvg8: 0 MB released
scvg8: inuse: 674, idle: 4091, sys: 4765, released: 0, consumed: 4765 (MB)
gc144(8): 41+9+156825+53 us, 430 -> 860 MB, 10629283 (2363895759-2353266476) objects, 576110/74932/0 sweeps, 19392(1021075) handoff, 27(203) steal, 108234/28339/358 yields
gc145(8): 21+12+157108+4 us, 428 -> 857 MB, 10577008 (2373696599-2363119591) objects, 576110/75624/0 sweeps, 19484(1021682) handoff, 35(292) steal, 108400/28441/384 yields
gc146(8): 10+11+160450+104 us, 427 -> 854 MB, 10539453 (2383472123-2372932670) objects, 576110/70989/0 sweeps, 19941(1073259) handoff, 30(280) steal, 110618/29355/445 yields
gc147(8): 22+16+155353+12 us, 426 -> 852 MB, 10491399 (2393212129-2382720730) objects, 576110/74590/0 sweeps, 18880(989569) handoff, 19(196) steal, 104348/27496/398 yields
gc148(8): 17+6+170993+14 us, 426 -> 853 MB, 10526267 (2402980473-2392454206) objects, 576110/73619/0 sweeps, 18572(975183) handoff, 43(343) steal, 104370/29289/564 yields
gc149(8): 46+8+175585+14 us, 426 -> 853 MB, 10508765 (2412730297-2402221532) objects, 576110/73584/0 sweeps, 11775(641762) handoff, 33(295) steal, 63823/18213/397 yields
gc150(8): 36+9+178992+21 us, 428 -> 857 MB, 10566032 (2422520698-2411954666) objects, 576110/74853/0 sweeps, 21132(1116709) handoff, 36(356) steal, 114570/29152/391 yields
gc151(8): 34+19+151637+40 us, 428 -> 857 MB, 10567029 (2432312282-2421745253) objects, 576110/75480/0 sweeps, 18042(995658) handoff, 20(204) steal, 99012/25571/223 yields
gc152(8): 10+7+157388+4 us, 430 -> 860 MB, 10626351 (2442146862-2431520511) objects, 576110/73757/0 sweeps, 19344(1022046) handoff, 26(264) steal, 107452/27560/339 yields
gc153(8): 25+9+161520+31 us, 430 -> 860 MB, 10618281 (2451976555-2441358274) objects, 576110/74232/0 sweeps, 19245(1014543) handoff, 24(226) steal, 109037/29336/493 yields
gc154(8): 38+31+158920+23 us, 430 -> 860 MB, 10622582 (2461808483-2451185901) objects, 576110/74549/0 sweeps, 19616(1030691) handoff, 36(325) steal, 110624/29358/362 yields
gc155(8): 10+8+156481+103 us, 429 -> 859 MB, 10618821 (2471639367-2461020546) objects, 576110/74894/0 sweeps, 19116(1018016) handoff, 28(271) steal, 105341/26923/307 yields
gc156(8): 17+12+164326+12 us, 429 -> 858 MB, 10592658 (2481452834-2470860176) objects, 576110/75196/0 sweeps, 18200(951004) handoff, 33(293) steal, 103511/29384/549 yields
gc157(8): 18+13+180150+12 us, 428 -> 856 MB, 10553331 (2491235911-2480682580) objects, 576110/74712/0 sweeps, 17072(1002317) handoff, 30(306) steal, 82042/22013/420 yields
gc158(8): 20+15+186425+26 us, 428 -> 857 MB, 10569877 (2501029203-2490459326) objects, 576110/73898/0 sweeps, 21554(1119717) handoff, 49(429) steal, 119332/31047/450 yields
gc159(8): 17+22+165804+16 us, 430 -> 860 MB, 10619563 (2510858939-2500239376) objects, 576110/73982/0 sweeps, 20775(1057073) handoff, 36(321) steal, 121204/31359/331 yields
gc160(8): 22+10+162923+2 us, 430 -> 860 MB, 10629151 (2520696151-2510067000) objects, 576110/74059/0 sweeps, 19956(1037834) handoff, 19(203) steal, 114790/30840/301 yields
gc24(8): 3+15+434+3 us, 1 -> 1 MB, 11394 (122862-111468) objects, 410/312/0 sweeps, 66(1108) handoff, 10(16) steal, 396/16/0 yields
scvg9: GC forced
scvg9: inuse: 2, idle: 1, sys: 4, released: 1, consumed: 2 (MB)
gc161(8): 53+10+155856+17 us, 430 -> 860 MB, 10624565 (2530529292-2519904727) objects, 576110/74486/0 sweeps, 19327(1018159) handoff, 37(340) steal, 107924/28091/305 yields
gc162(8): 35+12+150983+6 us, 430 -> 860 MB, 10624733 (2540364674-2529739941) objects, 576110/75243/0 sweeps, 19517(1018799) handoff, 38(308) steal, 108879/28368/258 yields
scvg9: 23 MB released
scvg9: inuse: 715, idle: 4050, sys: 4765, released: 23, consumed: 4741 (MB)
gc163(8): 18+11+153967+19 us, 430 -> 860 MB, 10621139 (2550195269-2539574130) objects, 576110/75191/0 sweeps, 19434(1010050) handoff, 29(300) steal, 109265/29391/344 yields
