gc27(8): 22+9+26607+21 us, 196 -> 393 MB, 398038 (1123441-725403) objects, 3367/860/0 sweeps, 22(908) handoff, 36(292) steal, 256/15/0 yields
gc28(8): 17+13+24280+25 us, 253 -> 508 MB, 4165807 (5713053-1547246) objects, 4183/2831/0 sweeps, 36(1465) handoff, 21(124) steal, 350/16/0 yields
gc29(8): 18+10+31128+19 us, 281 -> 563 MB, 6061141 (12143983-6082842) objects, 27673/24820/0 sweeps, 30(1198) handoff, 30(246) steal, 352/33/0 yields
gc30(8): 22+11+50671+17 us, 314 -> 629 MB, 7091084 (19337459-12246375) objects, 41021/35904/0 sweeps, 28(1622) handoff, 37(383) steal, 292/38/0 yields
gc31(8): 44+13+48343+11 us, 349 -> 699 MB, 8173935 (27314849-19140914) objects, 49222/41951/0 sweeps, 24(780) handoff, 37(295) steal, 316/18/0 yields
gc32(8): 30+12+67423+9 us, 388 -> 777 MB, 9452179 (36248396-26796217) objects, 57869/48306/0 sweeps, 32(1354) handoff, 42(401) steal, 348/26/0 yields
gc33(8): 14+13+61575+15 us, 414 -> 828 MB, 10266360 (45771653-35505293) objects, 67935/56311/0 sweeps, 26(1549) handoff, 35(288) steal, 323/30/0 yields
gc34(8): 16+14+62002+14 us, 412 -> 825 MB, 10209273 (55262465-45053192) objects, 74449/61620/0 sweeps, 27(1259) handoff, 36(306) steal, 341/28/0 yields
gc35(8): 13+9+64147+19 us, 409 -> 818 MB, 10098130 (64672634-54574504) objects, 74449/65573/0 sweeps, 30(1332) handoff, 37(312) steal, 335/29/0 yields
gc36(8): 36+8+69909+37 us, 412 -> 824 MB, 10198347 (74154400-63956053) objects, 74449/66174/0 sweeps, 28(1581) handoff, 39(325) steal, 351/19/0 yields
gc37(8): 32+9+71537+21 us, 415 -> 830 MB, 10294429 (83705944-73411515) objects, 74449/66290/0 sweeps, 34(1400) handoff, 36(322) steal, 301/21/0 yields
gc38(8): 19+13+68899+3 us, 417 -> 834 MB, 10369181 (93314109-82944928) objects, 74731/66576/0 sweeps, 33(1328) handoff, 32(294) steal, 369/19/0 yields
gc39(8): 27+11+71636+15 us, 414 -> 828 MB, 10274297 (102859292-92584995) objects, 75335/67025/0 sweeps, 28(1460) handoff, 45(335) steal, 382/20/0 yields
gc40(8): 24+14+76928+16 us, 410 -> 821 MB, 10160145 (112320830-102160685) objects, 75335/66197/0 sweeps, 514(53622) handoff, 29(256) steal, 1680/193/0 yields
gc41(8): 20+12+76536+17 us, 409 -> 818 MB, 10113681 (121748923-111635242) objects, 75335/66436/0 sweeps, 27(958) handoff, 33(294) steal, 329/23/0 yields
gc42(8): 16+12+82064+28 us, 411 -> 823 MB, 10192485 (131233022-121040537) objects, 75335/65395/0 sweeps, 36(1867) handoff, 23(235) steal, 423/31/0 yields
gc43(8): 14+11+93290+3 us, 415 -> 830 MB, 10307785 (140798197-130490412) objects, 75335/66936/0 sweeps, 1372(178609) handoff, 36(356) steal, 2783/308/0 yields
gc44(8): 13+10+81650+14 us, 416 -> 833 MB, 10363672 (150411080-140047408) objects, 75335/67584/0 sweeps, 30(1113) handoff, 29(283) steal, 348/25/0 yields
gc45(8): 38+10+85812+14 us, 414 -> 829 MB, 10290195 (159971460-149681265) objects, 75335/68245/0 sweeps, 103(11044) handoff, 32(290) steal, 506/110/21 yields
scvg0: inuse: 3, idle: 0, sys: 4, released: 0, consumed: 4 (MB)
gc46(8): 12+11+96380+9 us, 414 -> 828 MB, 10278950 (169520073-159241123) objects, 75335/67205/0 sweeps, 35(1776) handoff, 20(203) steal, 336/50/0 yields
gc47(8): 16+15+89190+19 us, 414 -> 828 MB, 10278154 (179069215-168791061) objects, 75335/67516/0 sweeps, 4804(329599) handoff, 31(277) steal, 22380/3648/8 yields
scvg0: inuse: 566, idle: 274, sys: 841, released: 0, consumed: 841 (MB)
gc48(8): 41+9+97292+142 us, 416 -> 833 MB, 10366467 (188681853-178315386) objects, 75335/67576/0 sweeps, 7619(497720) handoff, 27(230) steal, 36496/6362/18 yields
gc49(8): 13+14+88587+14 us, 417 -> 834 MB, 10393956 (198320285-187926329) objects, 75349/68514/0 sweeps, 6985(451770) handoff, 35(307) steal, 31284/5699/17 yields
gc50(8): 40+11+94770+105 us, 415 -> 831 MB, 10328035 (207905982-197577947) objects, 75475/67166/0 sweeps, 1309(133058) handoff, 31(285) steal, 3294/475/10 yields
gc51(8): 33+7+91190+21 us, 415 -> 831 MB, 10324419 (217487179-207162760) objects, 75475/67855/0 sweeps, 7490(477403) handoff, 36(289) steal, 35847/6300/11 yields
gc52(8): 22+11+92172+26 us, 417 -> 834 MB, 10381012 (227110818-216729806) objects, 75475/68022/0 sweeps, 8328(526862) handoff, 37(296) steal, 40078/7353/17 yields
gc53(8): 33+9+90463+11 us, 417 -> 834 MB, 10386529 (236740654-226354125) objects, 75484/67250/0 sweeps, 7053(452649) handoff, 39(337) steal, 33351/5720/22 yields
gc54(8): 25+10+95945+135 us, 416 -> 833 MB, 10376260 (246366151-235989891) objects, 75506/68768/0 sweeps, 10476(642267) handoff, 37(329) steal, 51307/9725/39 yields
gc55(8): 9+16+99430+17 us, 415 -> 831 MB, 10331794 (255958805-245627011) objects, 75506/67946/0 sweeps, 4131(277475) handoff, 34(334) steal, 18088/3169/18 yields
gc56(8): 11+14+93939+23 us, 415 -> 831 MB, 10321010 (265538211-255217201) objects, 75506/67714/0 sweeps, 9238(572947) handoff, 40(306) steal, 44269/8197/12 yields
gc57(8): 28+12+112162+3 us, 417 -> 834 MB, 10376083 (275159011-264782928) objects, 75506/67551/0 sweeps, 9133(550915) handoff, 31(378) steal, 43734/8226/13 yields
gc58(8): 32+14+96862+131 us, 417 -> 834 MB, 10378189 (284779029-274400840) objects, 75506/67980/0 sweeps, 9441(576534) handoff, 32(265) steal, 46014/8701/44 yields
gc59(8): 32+12+97001+3 us, 417 -> 834 MB, 10382388 (294403775-284021387) objects, 75506/67220/0 sweeps, 10124(616744) handoff, 36(317) steal, 48795/9417/14 yields
gc60(8): 28+13+100180+15 us, 417 -> 834 MB, 10387745 (304036433-293648688) objects, 75518/68263/0 sweeps, 11862(695297) handoff, 44(346) steal, 56792/11306/60 yields
gc61(8): 19+14+98666+22 us, 416 -> 833 MB, 10377644 (313663128-303285484) objects, 75518/68057/0 sweeps, 10823(653929) handoff, 49(339) steal, 52558/10420/39 yields
gc62(8): 34+7+99120+29 us, 415 -> 831 MB, 10328667 (323249257-312920590) objects, 75518/68143/0 sweeps, 10739(642145) handoff, 35(304) steal, 52292/10255/40 yields
scvg1: inuse: 3, idle: 0, sys: 4, released: 0, consumed: 4 (MB)
gc63(8): 42+10+100283+15 us, 416 -> 832 MB, 10357828 (332860150-322502322) objects, 75518/69028/0 sweeps, 10074(609294) handoff, 42(330) steal, 50617/9988/41 yields
gc64(8): 14+10+101484+19 us, 417 -> 834 MB, 10388364 (342492510-332104146) objects, 75518/67979/0 sweeps, 11257(671495) handoff, 32(298) steal, 53299/9981/41 yields
scvg1: inuse: 696, idle: 144, sys: 841, released: 0, consumed: 841 (MB)
gc65(8): 53+9+101888+22 us, 417 -> 834 MB, 10382332 (352118244-341735912) objects, 75518/67757/0 sweeps, 11248(664089) handoff, 39(324) steal, 53731/10636/63 yields
gc66(8): 20+8+107512+11 us, 417 -> 834 MB, 10382530 (361744483-351361953) objects, 75518/67887/0 sweeps, 9102(587633) handoff, 30(284) steal, 35306/6767/22 yields
gc67(8): 44+10+101548+147 us, 417 -> 834 MB, 10383489 (371372647-360989158) objects, 75518/68112/0 sweeps, 11270(685816) handoff, 36(285) steal, 54907/10826/28 yields
gc68(8): 13+17+104420+12 us, 417 -> 834 MB, 10380329 (380999130-370618801) objects, 75518/68372/0 sweeps, 9633(617123) handoff, 41(334) steal, 42107/8460/23 yields
gc69(8): 22+11+106554+17 us, 416 -> 833 MB, 10365336 (390612783-380247447) objects, 75518/67507/0 sweeps, 14156(795879) handoff, 31(289) steal, 71985/14718/43 yields
gc70(8): 16+14+113742+111 us, 417 -> 834 MB, 10376875 (400233820-389856945) objects, 75518/67489/0 sweeps, 15095(875846) handoff, 21(227) steal, 72366/14514/31 yields
gc71(8): 27+11+106612+3 us, 417 -> 834 MB, 10390914 (409868990-399478076) objects, 75518/67302/0 sweeps, 11887(689011) handoff, 32(314) steal, 58859/12244/45 yields
gc72(8): 22+13+105525+18 us, 417 -> 834 MB, 10374282 (419489697-409115415) objects, 75518/67827/0 sweeps, 12769(725981) handoff, 27(253) steal, 64710/13400/49 yields
gc73(8): 12+12+105386+13 us, 416 -> 833 MB, 10365134 (429104297-418739163) objects, 75518/67928/0 sweeps, 14008(822791) handoff, 41(350) steal, 69391/13887/57 yields
gc74(8): 26+15+107381+32 us, 417 -> 834 MB, 10384088 (438733783-428349695) objects, 75518/68437/0 sweeps, 13250(745684) handoff, 28(282) steal, 66522/13824/90 yields
gc75(8): 20+13+107196+17 us, 417 -> 834 MB, 10383542 (448360170-437976628) objects, 75518/68082/0 sweeps, 12860(753029) handoff, 29(289) steal, 63972/13208/61 yields
gc76(8): 19+13+110574+11 us, 417 -> 834 MB, 10384166 (457988223-447604057) objects, 75518/68615/0 sweeps, 14204(812948) handoff, 25(263) steal, 67902/13356/19 yields
gc77(8): 21+14+112654+146 us, 417 -> 834 MB, 10390092 (467622957-457232865) objects, 75518/68362/0 sweeps, 13160(743178) handoff, 29(254) steal, 67791/14291/24 yields
gc78(8): 16+8+116627+16 us, 417 -> 834 MB, 10393491 (477262137-466868646) objects, 75518/67095/0 sweeps, 14593(819524) handoff, 42(331) steal, 75698/16514/103 yields
gc79(8): 12+14+114788+72 us, 416 -> 832 MB, 10348993 (486866497-476517504) objects, 75518/68174/0 sweeps, 14153(813587) handoff, 31(271) steal, 70803/15250/82 yields
gc80(8): 41+11+116912+17 us, 415 -> 831 MB, 10337398 (496463791-486126393) objects, 75518/68360/0 sweeps, 13194(747252) handoff, 27(291) steal, 69539/15156/117 yields
gc18(8): 19+28+3271+92 us, 1 -> 2 MB, 21448 (122816-101368) objects, 389/372/0 sweeps, 50(919) handoff, 5(7) steal, 376/97/73 yields
scvg2: GC forced
scvg2: inuse: 3, idle: 0, sys: 4, released: 0, consumed: 4 (MB)
gc19(8): 76+1286+434+8 us, 1 -> 1 MB, 11449 (122818-111369) objects, 399/74/321 sweeps, 45(986) handoff, 4(6) steal, 311/15/0 yields
gc20(8): 42+661+463+31 us, 1 -> 1 MB, 11401 (122819-111418) objects, 400/1/311 sweeps, 59(1183) handoff, 5(8) steal, 327/16/0 yields
gc81(8): 10+8+108929+17 us, 416 -> 832 MB, 10362974 (506082575-495719601) objects, 75518/68410/0 sweeps, 13351(761159) handoff, 23(197) steal, 68170/13946/65 yields
scvg2: inuse: 789, idle: 51, sys: 841, released: 0, consumed: 841 (MB)
gc82(8): 20+10+109157+26 us, 416 -> 833 MB, 10366465 (515699010-505332545) objects, 75518/68095/0 sweeps, 13507(773182) handoff, 29(282) steal, 68495/14308/73 yields
gc83(8): 22+13+115982+47 us, 417 -> 834 MB, 10377930 (525323501-514945571) objects, 75518/68882/0 sweeps, 13226(756575) handoff, 33(306) steal, 65196/13540/61 yields
gc84(8): 17+11+112058+23 us, 417 -> 834 MB, 10386103 (534953500-524567397) objects, 75518/67506/0 sweeps, 14927(835211) handoff, 27(258) steal, 76057/15759/113 yields
gc85(8): 17+12+117405+15 us, 417 -> 834 MB, 10385451 (544582704-534197253) objects, 75518/68641/0 sweeps, 7727(551332) handoff, 21(230) steal, 28518/5357/16 yields
gc86(8): 19+12+111661+2 us, 417 -> 834 MB, 10390370 (554217313-543826943) objects, 75518/67812/0 sweeps, 13521(753885) handoff, 36(305) steal, 69803/14715/105 yields
gc87(8): 23+14+118661+33 us, 417 -> 834 MB, 10381854 (563846066-553464212) objects, 75518/68181/0 sweeps, 7672(501505) handoff, 27(250) steal, 30683/6276/50 yields
gc88(8): 51+12+118830+27 us, 416 -> 833 MB, 10361763 (573456034-563094271) objects, 75518/67457/0 sweeps, 7075(470782) handoff, 54(540) steal, 29566/5312/7 yields
gc89(8): 28+13+114716+3 us, 417 -> 834 MB, 10380548 (583079386-572698838) objects, 75518/68145/0 sweeps, 11530(601304) handoff, 36(294) steal, 60210/13512/67 yields
gc90(8): 20+11+112893+12 us, 417 -> 834 MB, 10396478 (592720901-582324423) objects, 75518/68593/0 sweeps, 14556(825161) handoff, 35(322) steal, 73579/15246/85 yields
gc91(8): 18+9+122236+17 us, 417 -> 834 MB, 10380820 (602348042-591967222) objects, 75518/68594/0 sweeps, 9498(560738) handoff, 32(339) steal, 44630/9797/67 yields
gc92(8): 51+7+114760+11 us, 416 -> 833 MB, 10362968 (611961331-601598363) objects, 75518/68578/0 sweeps, 15415(851284) handoff, 30(248) steal, 78625/16931/125 yields
gc93(8): 21+16+124650+14 us, 416 -> 833 MB, 10364353 (621579371-611215018) objects, 75518/68407/0 sweeps, 14668(866776) handoff, 44(357) steal, 69967/15454/108 yields
gc94(8): 25+13+112346+16 us, 416 -> 832 MB, 10362432 (631196159-620833727) objects, 75518/68457/0 sweeps, 14073(793330) handoff, 21(219) steal, 72673/15344/95 yields
gc95(8): 23+11+113827+18 us, 416 -> 833 MB, 10348674 (640794409-630445735) objects, 75518/68472/0 sweeps, 14405(817582) handoff, 48(380) steal, 73338/15658/88 yields
gc96(8): 49+13+117862+13 us, 417 -> 834 MB, 10392186 (650430704-640038518) objects, 75518/69143/0 sweeps, 16728(916513) handoff, 44(343) steal, 84261/18440/85 yields
gc97(8): 10+10+115296+12 us, 417 -> 834 MB, 10394978 (660071183-649676205) objects, 75518/69177/0 sweeps, 14933(823539) handoff, 33(306) steal, 77806/16896/116 yields
scvg3: inuse: 2, idle: 1, sys: 4, released: 0, consumed: 4 (MB)
gc98(8): 38+10+121380+10 us, 416 -> 834 MB, 10368535 (669687360-659318825) objects, 75518/67424/0 sweeps, 10364(598578) handoff, 44(355) steal, 47029/9103/19 yields
gc99(8): 20+12+115066+3 us, 416 -> 833 MB, 10357879 (679294090-668936211) objects, 75518/68797/0 sweeps, 15763(888633) handoff, 23(185) steal, 79888/17223/77 yields
scvg3: inuse: 565, idle: 275, sys: 841, released: 0, consumed: 841 (MB)
gc100(8): 39+11+114489+12 us, 417 -> 835 MB, 10394489 (688932618-678538129) objects, 75518/68486/0 sweeps, 14524(805186) handoff, 25(258) steal, 75649/16174/65 yields
gc101(8): 66+9+114865+17 us, 417 -> 835 MB, 10387125 (698563354-688176229) objects, 75518/68724/0 sweeps, 14501(823319) handoff, 30(266) steal, 74857/15943/103 yields
gc102(8): 43+9+117834+26 us, 417 -> 834 MB, 10371939 (708182998-697811059) objects, 75518/68216/0 sweeps, 16835(919819) handoff, 25(258) steal, 88064/19324/118 yields
gc103(8): 21+12+116594+16 us, 416 -> 833 MB, 10367279 (717800854-707433575) objects, 75518/67690/0 sweeps, 14279(805395) handoff, 27(284) steal, 72137/15662/98 yields
gc104(8): 21+16+115935+21 us, 417 -> 834 MB, 10388216 (727434471-717046255) objects, 75518/68607/0 sweeps, 15265(853468) handoff, 34(294) steal, 78402/16909/92 yields
gc105(8): 29+11+118390+3 us, 417 -> 834 MB, 10373192 (737052729-726679537) objects, 75518/67741/0 sweeps, 17061(943344) handoff, 41(344) steal, 89223/19408/105 yields
gc106(8): 12+10+116472+14 us, 417 -> 834 MB, 10389076 (746685938-736296862) objects, 75518/67688/0 sweeps, 13999(787903) handoff, 32(289) steal, 72587/15885/73 yields
gc107(8): 46+10+118166+119 us, 417 -> 834 MB, 10385827 (756315166-745929339) objects, 75518/68154/0 sweeps, 15831(874260) handoff, 29(285) steal, 81667/17916/124 yields
gc108(8): 13+16+120069+18 us, 417 -> 835 MB, 10386908 (765945008-755558100) objects, 75518/68232/0 sweeps, 15773(863803) handoff, 40(341) steal, 82692/18158/96 yields
gc109(8): 32+8+116651+14 us, 417 -> 834 MB, 10380904 (775569762-765188858) objects, 75518/68150/0 sweeps, 14688(822192) handoff, 18(180) steal, 75595/16632/137 yields
gc110(8): 32+11+134725+15 us, 417 -> 835 MB, 10385568 (785198025-774812457) objects, 75518/67854/0 sweeps, 6265(563193) handoff, 33(316) steal, 18094/3131/8 yields
gc111(8): 40+9+125039+125 us, 417 -> 835 MB, 10390533 (794832572-784442039) objects, 75518/67342/0 sweeps, 18980(1041350) handoff, 27(277) steal, 98002/20380/74 yields
gc112(8): 31+10+136566+17 us, 417 -> 834 MB, 10368468 (804447476-794079008) objects, 75518/68311/0 sweeps, 7684(532714) handoff, 19(208) steal, 34299/6779/40 yields
gc113(8): 25+9+120809+24 us, 416 -> 833 MB, 10370257 (814067203-803696946) objects, 75518/68630/0 sweeps, 17623(941434) handoff, 41(332) steal, 92496/20290/125 yields
gc114(8): 26+11+117503+153 us, 416 -> 833 MB, 10361190 (823677507-813316317) objects, 75518/68381/0 sweeps, 15494(847672) handoff, 47(356) steal, 80483/17953/98 yields
scvg4: inuse: 2, idle: 1, sys: 4, released: 0, consumed: 4 (MB)
gc115(8): 22+13+118686+17 us, 417 -> 834 MB, 10385603 (833307561-822921958) objects, 75518/67746/0 sweeps, 15440(840370) handoff, 32(316) steal, 80790/17737/119 yields
gc116(8): 33+11+116134+21 us, 417 -> 834 MB, 10387533 (842939250-832551717) objects, 75518/67753/0 sweeps, 15054(852524) handoff, 30(265) steal, 77791/17027/108 yields
scvg4: inuse: 621, idle: 219, sys: 841, released: 0, consumed: 841 (MB)
gc117(8): 38+9+117355+14 us, 417 -> 834 MB, 10385894 (852570875-842184981) objects, 75518/68712/0 sweeps, 14589(818945) handoff, 24(253) steal, 76181/16734/107 yields
gc118(8): 12+12+117686+12 us, 416 -> 833 MB, 10357534 (862177458-851819924) objects, 75518/69028/0 sweeps, 15413(846152) handoff, 35(305) steal, 80504/17671/78 yields
gc119(8): 9+17+118896+17 us, 417 -> 835 MB, 10391951 (871813356-861421405) objects, 75518/67555/0 sweeps, 16084(879947) handoff, 37(323) steal, 84893/18516/133 yields
gc120(8): 23+12+118421+6 us, 417 -> 835 MB, 10388277 (881445424-871057147) objects, 75518/68506/0 sweeps, 15342(834721) handoff, 34(318) steal, 80826/17692/117 yields
gc121(8): 36+9+120760+21 us, 417 -> 835 MB, 10391358 (891080950-880689592) objects, 75518/68850/0 sweeps, 15434(842297) handoff, 51(358) steal, 79669/17810/106 yields
gc122(8): 29+12+116949+123 us, 416 -> 833 MB, 10363461 (900695359-890331898) objects, 75518/69288/0 sweeps, 15367(849264) handoff, 36(324) steal, 80908/17658/95 yields
gc123(8): 17+9+118318+14 us, 416 -> 833 MB, 10370021 (910315124-899945103) objects, 75518/68001/0 sweeps, 15118(831303) handoff, 28(278) steal, 78951/17342/99 yields
gc124(8): 28+10+119589+20 us, 417 -> 834 MB, 10391911 (919952293-909560382) objects, 75518/66735/0 sweeps, 16095(886384) handoff, 36(330) steal, 83445/18349/133 yields
gc125(8): 8+10+117457+16 us, 417 -> 834 MB, 10374296 (929570806-919196510) objects, 75518/68255/0 sweeps, 13395(731360) handoff, 46(357) steal, 69921/15550/106 yields
gc126(8): 47+7+119482+32 us, 417 -> 835 MB, 10380615 (939193818-928813203) objects, 75518/67937/0 sweeps, 15252(832745) handoff, 27(220) steal, 80218/17720/120 yields
gc127(8): 10+9+120762+3 us, 417 -> 835 MB, 10389672 (948827066-938437394) objects, 75518/68073/0 sweeps, 14994(823098) handoff, 34(331) steal, 78503/16900/118 yields
gc128(8): 28+14+118926+19 us, 417 -> 835 MB, 10382396 (958452160-948069764) objects, 75524/68880/0 sweeps, 15158(815179) handoff, 39(342) steal, 81099/18160/90 yields
gc129(8): 23+10+126984+19 us, 417 -> 834 MB, 10385887 (968082649-957696762) objects, 75524/68789/0 sweeps, 9076(562520) handoff, 22(212) steal, 39860/7872/30 yields
gc130(8): 15+9+118684+12 us, 417 -> 834 MB, 10372068 (977700720-967328652) objects, 75524/68173/0 sweeps, 14829(864734) handoff, 30(292) steal, 76708/16714/138 yields
gc131(8): 22+12+120657+18 us, 417 -> 835 MB, 10385168 (987328847-976943679) objects, 75524/67453/0 sweeps, 15402(853074) handoff, 25(265) steal, 79079/17197/57 yields
gc21(8): 2+16+350+20 us, 1 -> 1 MB, 11386 (122819-111433) objects, 400/314/0 sweeps, 54(1111) handoff, 6(8) steal, 388/19/0 yields
scvg5: GC forced
scvg5: 0 MB released
scvg5: inuse: 2, idle: 1, sys: 4, released: 0, consumed: 3 (MB)
gc132(8): 20+11+125233+13 us, 416 -> 833 MB, 10363943 (996942941-986578998) objects, 75524/68860/0 sweeps, 15657(861551) handoff, 20(194) steal, 83160/19362/124 yields
gc133(8): 29+8+121245+116 us, 416 -> 833 MB, 10358676 (1006553119-996194443) objects, 75524/68894/0 sweeps, 16017(869994) handoff, 43(315) steal, 84738/18674/110 yields
scvg5: inuse: 720, idle: 120, sys: 841, released: 0, consumed: 841 (MB)
gc134(8): 22+11+120017+17 us, 416 -> 834 MB, 10368560 (1016169254-1005800694) objects, 75524/68198/0 sweeps, 14855(821010) handoff, 32(282) steal, 75096/16555/93 yields
gc135(8): 63+9+118951+17 us, 417 -> 834 MB, 10387056 (1025802392-1015415336) objects, 75524/68828/0 sweeps, 15321(848994) handoff, 22(268) steal, 79536/18122/103 yields
gc136(8): 20+8+119563+16 us, 417 -> 834 MB, 10378197 (1035426612-1025048415) objects, 75524/67891/0 sweeps, 15718(863922) handoff, 24(253) steal, 81408/18328/114 yields
gc137(8): 49+9+128190+3 us, 417 -> 834 MB, 10384923 (1045055774-1034670851) objects, 75524/68489/0 sweeps, 15352(852213) handoff, 35(308) steal, 79689/17151/80 yields
gc138(8): 19+12+119000+21 us, 417 -> 834 MB, 10373917 (1054673332-1044299415) objects, 75524/68327/0 sweeps, 14832(823023) handoff, 34(324) steal, 76301/16961/99 yields
gc139(8): 40+9+121478+122 us, 417 -> 835 MB, 10391148 (1064308237-1053917089) objects, 75524/68572/0 sweeps, 16026(864662) handoff, 26(245) steal, 85269/18912/147 yields
gc140(8): 23+8+130620+13 us, 417 -> 834 MB, 10366244 (1073920837-1063554593) objects, 75524/66954/0 sweeps, 17643(1021237) handoff, 39(295) steal, 82139/17511/73 yields
gc141(8): 18+11+120400+21 us, 417 -> 835 MB, 10385723 (1083549424-1073163701) objects, 75524/68199/0 sweeps, 15791(863927) handoff, 22(227) steal, 82735/18513/132 yields
gc142(8): 18+12+128567+3 us, 417 -> 834 MB, 10376146 (1093174192-1082798046) objects, 75524/68255/0 sweeps, 11128(714668) handoff, 39(301) steal, 43371/9345/64 yields
gc143(8): 40+11+121186+3 us, 417 -> 834 MB, 10379153 (1102800065-1092420912) objects, 75524/68405/0 sweeps, 16557(893832) handoff, 30(307) steal, 88053/19850/117 yields
gc144(8): 25+13+130647+12 us, 416 -> 833 MB, 10355365 (1112406999-1102051634) objects, 75524/68371/0 sweeps, 5677(534806) handoff, 39(304) steal, 15995/2933/12 yields
gc145(8): 37+14+140379+21 us, 416 -> 833 MB, 10360190 (1122020197-1111660007) objects, 75524/67880/0 sweeps, 16172(884475) handoff, 50(432) steal, 82764/18029/118 yields
gc146(8): 36+9+129053+12 us, 417 -> 834 MB, 10383938 (1131649627-1121265689) objects, 75524/68746/0 sweeps, 10670(736190) handoff, 35(316) steal, 39848/8118/33 yields
gc147(8): 15+9+119711+16 us, 416 -> 834 MB, 10373803 (1141272577-1130898774) objects, 75524/67713/0 sweeps, 9396(534507) handoff, 29(335) steal, 48819/10477/52 yields
gc148(8): 27+8+122307+3 us, 416 -> 833 MB, 10351670 (1150874511-1140522841) objects, 75524/68615/0 sweeps, 12853(714629) handoff, 30(279) steal, 64172/14680/131 yields
gc149(8): 32+9+120752+21 us, 417 -> 835 MB, 10385744 (1160503005-1150117261) objects, 75524/68952/0 sweeps, 16529(904417) handoff, 37(341) steal, 86077/19093/136 yields
scvg6: inuse: 2, idle: 1, sys: 4, released: 0, consumed: 3 (MB)
gc150(8): 23+10+118606+17 us, 417 -> 835 MB, 10383948 (1170129411-1159745463) objects, 75524/68666/0 sweeps, 15222(847876) handoff, 34(313) steal, 78264/16868/107 yields
scvg6: inuse: 828, idle: 13, sys: 842, released: 0, consumed: 842 (MB)
gc151(8): 16+13+120026+16 us, 417 -> 835 MB, 10382977 (1179754735-1169371758) objects, 75524/67890/0 sweeps, 15557(848041) handoff, 26(244) steal, 82746/18478/125 yields
gc152(8): 12+12+120551+21 us, 417 -> 835 MB, 10386768 (1189384536-1178997768) objects, 75524/68961/0 sweeps, 15692(845428) handoff, 30(296) steal, 83325/18870/99 yields
gc153(8): 16+10+120220+18 us, 417 -> 835 MB, 10389907 (1199018835-1188628928) objects, 75524/68599/0 sweeps, 15597(852759) handoff, 31(305) steal, 82089/18099/114 yields
gc154(8): 6+9+118958+20 us, 416 -> 833 MB, 10364524 (1208633021-1198268497) objects, 75524/68337/0 sweeps, 15092(836277) handoff, 35(315) steal, 79014/17364/120 yields
gc155(8): 55+9+122882+17 us, 416 -> 832 MB, 10347779 (1218235450-1207887671) objects, 75524/67960/0 sweeps, 15309(839398) handoff, 35(334) steal, 79612/17557/125 yields
gc156(8): 23+12+120251+3 us, 416 -> 833 MB, 10352367 (1227840287-1217487920) objects, 75524/69012/0 sweeps, 15520(856300) handoff, 31(319) steal, 80936/17798/111 yields
gc157(8): 64+11+127536+29 us, 417 -> 834 MB, 10379274 (1237463619-1227084345) objects, 75524/68776/0 sweeps, 14630(869341) handoff, 24(275) steal, 65537/13658/64 yields
gc158(8): 32+12+120785+14 us, 417 -> 835 MB, 10391763 (1247099200-1236707437) objects, 75524/69115/0 sweeps, 15970(873380) handoff, 29(260) steal, 83793/18516/175 yields
gc159(8): 20+16+129736+13 us, 417 -> 834 MB, 10386029 (1256731401-1246345372) objects, 75524/68859/0 sweeps, 14890(903879) handoff, 35(301) steal, 66510/13000/48 yields
gc160(8): 47+9+125652+22 us, 416 -> 833 MB, 10362003 (1266342262-1255980259) objects, 75524/67856/0 sweeps, 15962(894921) handoff, 19(229) steal, 76274/15141/28 yields
gc161(8): 18+43+124666+17 us, 417 -> 834 MB, 10369895 (1275957722-1265587827) objects, 75524/67681/0 sweeps, 12530(778036) handoff, 41(342) steal, 54301/11689/68 yields
gc162(8): 25+16+121905+25 us, 417 -> 835 MB, 10384861 (1285585885-1275201024) objects, 75524/68552/0 sweeps, 16197(901952) handoff, 27(296) steal, 85007/18750/103 yields
gc163(8): 33+9+120884+12 us, 417 -> 835 MB, 10389872 (1295219508-1284829636) objects, 75524/68121/0 sweeps, 13292(760470) handoff, 29(261) steal, 66990/15228/121 yields
gc164(8): 28+10+122690+22 us, 417 -> 834 MB, 10375758 (1304842570-1294466812) objects, 75524/68725/0 sweeps, 15497(843724) handoff, 33(321) steal, 81047/18424/147 yields
gc165(8): 33+8+119997+23 us, 416 -> 833 MB, 10356959 (1314451735-1304094776) objects, 75524/68649/0 sweeps, 15247(835189) handoff, 26(274) steal, 78846/18024/158 yields
gc166(8): 48+9+121712+25 us, 416 -> 833 MB, 10373834 (1324076544-1313702710) objects, 75524/68064/0 sweeps, 16270(900609) handoff, 30(265) steal, 85772/19181/142 yields
gc22(8): 20+11+404+2 us, 1 -> 1 MB, 11386 (122819-111433) objects, 400/314/0 sweeps, 40(846) handoff, 6(10) steal, 315/19/0 yields
scvg7: GC forced
scvg7: 0 MB released
scvg7: inuse: 2, idle: 1, sys: 4, released: 1, consumed: 2 (MB)
gc167(8): 12+11+121284+127 us, 417 -> 834 MB, 10368465 (1333691526-1323323061) objects, 75524/68817/0 sweeps, 16161(876588) handoff, 46(361) steal, 84666/19045/170 yields
gc168(8): 38+10+121853+17 us, 417 -> 835 MB, 10390028 (1343325688-1332935660) objects, 75524/68549/0 sweeps, 16334(883191) handoff, 36(333) steal, 86266/19335/143 yields
scvg7: inuse: 592, idle: 249, sys: 842, released: 0, consumed: 842 (MB)
gc169(8): 72+9+120964+3 us, 417 -> 834 MB, 10380040 (1352953034-1342572994) objects, 75524/68622/0 sweeps, 16257(885441) handoff, 34(323) steal, 84959/19030/164 yields
gc170(8): 20+10+120287+12 us, 417 -> 834 MB, 10383519 (1362580054-1352196535) objects, 75524/68695/0 sweeps, 15482(853212) handoff, 35(307) steal, 80866/18368/118 yields
gc171(8): 14+9+120374+3 us, 417 -> 835 MB, 10391320 (1372215710-1361824390) objects, 75524/68725/0 sweeps, 15853(881660) handoff, 42(333) steal, 82654/18339/126 yields
gc172(8): 27+14+120879+21 us, 417 -> 834 MB, 10382272 (1381842940-1371460668) objects, 75524/68183/0 sweeps, 15486(848024) handoff, 30(285) steal, 81646/18453/134 yields
gc173(8): 8+9+121326+3 us, 417 -> 835 MB, 10390526 (1391477947-1381087421) objects, 75524/68250/0 sweeps, 15761(860367) handoff, 26(257) steal, 83429/18947/114 yields
gc174(8): 21+8+123198+20 us, 417 -> 834 MB, 10374359 (1401097357-1390722998) objects, 75524/69161/0 sweeps, 16908(942916) handoff, 38(322) steal, 88950/19910/150 yields
gc175(8): 30+12+121493+19 us, 417 -> 835 MB, 10386164 (1410726915-1400340751) objects, 75524/68815/0 sweeps, 15416(847365) handoff, 26(232) steal, 81850/18085/126 yields
gc176(8): 30+10+122358+21 us, 417 -> 835 MB, 10391565 (1420362679-1409971114) objects, 75524/68607/0 sweeps, 16196(872844) handoff, 32(287) steal, 86037/19134/85 yields
gc177(8): 43+10+119269+21 us, 417 -> 835 MB, 10376235 (1429980326-1419604091) objects, 75524/67639/0 sweeps, 14852(842602) handoff, 28(280) steal, 77578/16849/95 yields
gc178(8): 37+11+129770+3 us, 417 -> 835 MB, 10389546 (1439613151-1429223605) objects, 75524/68059/0 sweeps, 11319(674633) handoff, 34(296) steal, 45553/9635/51 yields
gc179(8): 15+12+120644+154 us, 417 -> 834 MB, 10375139 (1449234511-1438859372) objects, 75527/68751/0 sweeps, 14914(826989) handoff, 36(306) steal, 76520/16643/107 yields
gc180(8): 43+9+122378+17 us, 417 -> 835 MB, 10374420 (1458850957-1448476537) objects, 75527/68480/0 sweeps, 16334(902830) handoff, 34(290) steal, 85908/19323/162 yields
gc181(8): 57+9+122257+20 us, 417 -> 835 MB, 10387721 (1468481428-1458093707) objects, 75527/69020/0 sweeps, 15952(875402) handoff, 40(320) steal, 83488/18920/146 yields
gc182(8): 31+9+122425+22 us, 417 -> 835 MB, 10389696 (1478114344-1467724648) objects, 75527/68096/0 sweeps, 15886(878909) handoff, 33(274) steal, 82768/18302/122 yields
gc183(8): 60+9+123973+6 us, 417 -> 834 MB, 10375450 (1487734273-1477358823) objects, 75527/68793/0 sweeps, 17263(938344) handoff, 31(314) steal, 89180/20123/187 yields
scvg8: inuse: 2, idle: 1, sys: 4, released: 1, consumed: 2 (MB)
gc184(8): 27+10+122959+2 us, 417 -> 834 MB, 10364436 (1497345699-1486981263) objects, 75527/68109/0 sweeps, 13637(738818) handoff, 41(334) steal, 68947/15818/125 yields
gc185(8): 22+16+144576+120 us, 417 -> 835 MB, 10383646 (1506972465-1496588819) objects, 75527/68733/0 sweeps, 16429(921787) handoff, 28(275) steal, 79012/16410/111 yields
scvg8: inuse: 708, idle: 133, sys: 842, released: 0, consumed: 842 (MB)
gc186(8): 39+7+126351+16 us, 417 -> 835 MB, 10384217 (1516599635-1506215418) objects, 75527/68238/0 sweeps, 16304(876768) handoff, 38(311) steal, 81186/16230/79 yields
gc187(8): 13+18+122540+151 us, 416 -> 833 MB, 10356611 (1526203098-1515846487) objects, 75527/68599/0 sweeps, 16060(869015) handoff, 22(217) steal, 83718/18978/155 yields
gc188(8): 19+9+121798+14 us, 417 -> 834 MB, 10376900 (1535823572-1525446672) objects, 75527/68409/0 sweeps, 15951(885100) handoff, 30(293) steal, 83339/18515/123 yields
gc189(8): 29+9+121332+17 us, 417 -> 835 MB, 10380118 (1545445837-1535065719) objects, 75527/68608/0 sweeps, 14209(776162) handoff, 33(295) steal, 74363/16583/106 yields
gc190(8): 50+7+128725+3 us, 417 -> 835 MB, 10380197 (1555068056-1544687859) objects, 75527/69297/0 sweeps, 14455(877891) handoff, 25(291) steal, 63667/13207/71 yields
gc191(8): 12+9+122113+15 us, 416 -> 833 MB, 10364361 (1564681013-1554316652) objects, 75527/69235/0 sweeps, 15917(882588) handoff, 30(267) steal, 82143/18094/182 yields
gc192(8): 30+12+128011+23 us, 416 -> 832 MB, 10349827 (1574284152-1563934325) objects, 75527/68334/0 sweeps, 12061(763907) handoff, 35(303) steal, 50219/11275/44 yields
gc193(8): 28+8+123070+111 us, 416 -> 832 MB, 10343862 (1583880247-1573536385) objects, 75527/68744/0 sweeps, 16644(894112) handoff, 40(323) steal, 88436/19820/133 yields
gc194(8): 33+11+122220+17 us, 417 -> 834 MB, 10377018 (1593503671-1583126653) objects, 75527/68604/0 sweeps, 16164(895676) handoff, 27(223) steal, 84657/18941/130 yields
gc195(8): 54+9+122468+130 us, 417 -> 835 MB, 10381563 (1603128750-1592747187) objects, 75527/67728/0 sweeps, 16045(882214) handoff, 39(349) steal, 82373/18694/150 yields
gc196(8): 24+10+121210+18 us, 417 -> 835 MB, 10384413 (1612755931-1602371518) objects, 75527/68731/0 sweeps, 15383(833949) handoff, 35(303) steal, 79552/17587/125 yields
gc197(8): 18+12+121188+16 us, 417 -> 834 MB, 10371341 (1622375123-1612003782) objects, 75527/68404/0 sweeps, 16053(873610) handoff, 33(293) steal, 83858/18532/119 yields
gc198(8): 43+10+120969+17 us, 417 -> 834 MB, 10376464 (1631997680-1621621216) objects, 75527/67387/0 sweeps, 14964(810198) handoff, 23(287) steal, 78818/17669/135 yields
gc199(8): 26+9+139940+3 us, 417 -> 834 MB, 10375014 (1641619055-1631244041) objects, 75527/68817/0 sweeps, 17592(936198) handoff, 37(349) steal, 102988/22842/141 yields
gc200(8): 57+10+136713+15 us, 416 -> 833 MB, 10366775 (1651234794-1640868019) objects, 75527/68154/0 sweeps, 9230(618171) handoff, 35(354) steal, 35660/7251/38 yields
gc201(8): 39+11+125251+18 us, 416 -> 833 MB, 10353436 (1660839765-1650486329) objects, 75527/68605/0 sweeps, 14070(780082) handoff, 21(254) steal, 71465/15545/111 yields
gc23(8): 13+16+423+11 us, 1 -> 1 MB, 11387 (122820-111433) objects, 400/314/0 sweeps, 42(839) handoff, 7(10) steal, 294/19/0 yields
scvg9: GC forced
scvg9: inuse: 2, idle: 1, sys: 4, released: 1, consumed: 2 (MB)
gc202(8): 58+8+126910+13 us, 416 -> 833 MB, 10357200 (1670443497-1660086297) objects, 75527/69117/0 sweeps, 15101(849921) handoff, 30(296) steal, 70509/14369/80 yields
gc203(8): 17+16+121042+17 us, 417 -> 835 MB, 10378466 (1680063467-1669685001) objects, 75527/68640/0 sweeps, 15194(856578) handoff, 28(248) steal, 78929/17401/129 yields
scvg9: inuse: 598, idle: 243, sys: 842, released: 0, consumed: 842 (MB)
gc204(8): 33+9+122375+17 us, 417 -> 835 MB, 10384794 (1689690422-1679305628) objects, 75527/68765/0 sweeps, 15823(860667) handoff, 32(279) steal, 82739/18826/141 yields
gc205(8): 44+9+126068+140 us, 417 -> 835 MB, 10377531 (1699308790-1688931259) objects, 75527/68530/0 sweeps, 16556(891249) handoff, 26(263) steal, 85464/17647/65 yields
gc206(8): 19+15+131558+8 us, 417 -> 834 MB, 10372777 (1708925470-1698552693) objects, 75527/68740/0 sweeps, 12695(755497) handoff, 40(335) steal, 55274/11424/40 yields
gc207(8): 36+11+123652+20 us, 417 -> 834 MB, 10366631 (1718538832-1708172201) objects, 75527/68677/0 sweeps, 16061(874673) handoff, 26(255) steal, 81830/18726/110 yields
gc208(8): 11+8+121950+3 us, 417 -> 834 MB, 10369745 (1728152062-1717782317) objects, 75527/68006/0 sweeps, 15680(878252) handoff, 32(298) steal, 81977/18191/120 yields
gc209(8): 34+7+123724+27 us, 417 -> 835 MB, 10379541 (1737773219-1727393678) objects, 75527/68600/0 sweeps, 15397(847937) handoff, 33(291) steal, 80740/17405/132 yields
gc210(8): 38+12+123639+9 us, 417 -> 835 MB, 10378010 (1747392746-1737014736) objects, 75527/68649/0 sweeps, 16121(884057) handoff, 27(257) steal, 83745/18863/178 yields
gc211(8): 24+14+125014+102 us, 417 -> 835 MB, 10378173 (1757012590-1746634417) objects, 75527/69056/0 sweeps, 14303(749426) handoff, 37(324) steal, 74976/17456/132 yields
gc212(8): 53+10+123848+21 us, 417 -> 834 MB, 10367475 (1766622446-1756254971) objects, 75527/68177/0 sweeps, 16438(872399) handoff, 38(326) steal, 87221/19528/121 yields
gc213(8): 19+9+135201+20 us, 417 -> 834 MB, 10375499 (1776242112-1765866613) objects, 75527/68527/0 sweeps, 16557(889690) handoff, 36(306) steal, 89575/21024/126 yields
gc214(8): 24+15+127038+11 us, 417 -> 835 MB, 10385683 (1785871578-1775485895) objects, 75527/67900/0 sweeps, 17356(941579) handoff, 25(211) steal, 90008/20187/124 yields
gc215(8): 20+9+168267+6 us, 417 -> 834 MB, 10373551 (1795492656-1785119105) objects, 75527/69189/0 sweeps, 9964(581271) handoff, 31(270) steal, 57289/14367/176 yields
gc216(8): 15+16+126692+19 us, 415 -> 831 MB, 10329781 (1805084749-1794754968) objects, 75527/69378/0 sweeps, 15585(842607) handoff, 23(267) steal, 80043/17770/161 yields
gc217(8): 39+10+135281+14 us, 414 -> 829 MB, 10289369 (1814645913-1804356544) objects, 75527/68225/0 sweeps, 18297(975244) handoff, 27(272) steal, 97147/22865/182 yields
gc218(8): 72+8+131148+14 us, 415 -> 831 MB, 10331149 (1824237173-1813906024) objects, 75527/68442/0 sweeps, 15734(917675) handoff, 31(260) steal, 76344/16358/89 yields
scvg10: inuse: 2, idle: 1, sys: 4, released: 1, consumed: 2 (MB)
gc219(8): 76+9+121382+14 us, 417 -> 835 MB, 10384353 (1833864418-1823480065) objects, 75527/67954/0 sweeps, 15048(828794) handoff, 27(248) steal, 78923/17341/115 yields
gc220(8): 40+9+126829+39 us, 417 -> 835 MB, 10385365 (1843492252-1833106887) objects, 75527/67841/0 sweeps, 12776(704580) handoff, 37(305) steal, 62065/14364/116 yields
scvg10: inuse: 714, idle: 128, sys: 842, released: 0, consumed: 842 (MB)
gc221(8): 11+13+124343+17 us, 417 -> 835 MB, 10386738 (1853121550-1842734812) objects, 75527/68411/0 sweeps, 14310(778234) handoff, 20(218) steal, 71150/15293/71 yields
gc222(8): 24+15+122837+6 us, 417 -> 835 MB, 10389138 (1862753823-1852364685) objects, 75527/68850/0 sweeps, 15551(869260) handoff, 38(283) steal, 80332/17905/91 yields
gc223(8): 20+8+123265+8 us, 417 -> 834 MB, 10387267 (1872385538-1861998271) objects, 75527/68335/0 sweeps, 15562(874319) handoff, 38(305) steal, 80322/17801/140 yields
gc224(8): 10+14+122295+3 us, 416 -> 833 MB, 10365612 (1882002073-1871636461) objects, 75527/68837/0 sweeps, 16059(867251) handoff, 35(299) steal, 84254/19324/138 yields
gc225(8): 28+10+133986+4 us, 416 -> 833 MB, 10356132 (1891609022-1881252890) objects, 75527/68861/0 sweeps, 18202(970347) handoff, 25(268) steal, 98127/23191/207 yields
gc226(8): 8+11+122378+15 us, 417 -> 834 MB, 10379564 (1901235283-1890855719) objects, 75527/68098/0 sweeps, 16130(891072) handoff, 39(319) steal, 83783/18733/103 yields
gc227(8): 39+11+121954+17 us, 417 -> 834 MB, 10376044 (1910856967-1900480923) objects, 75527/68303/0 sweeps, 16101(868525) handoff, 27(270) steal, 84277/18918/145 yields
gc228(8): 12+11+123605+16 us, 417 -> 835 MB, 10382427 (1920481877-1910099450) objects, 75527/68032/0 sweeps, 16167(851504) handoff, 36(324) steal, 85066/19210/167 yields
gc229(8): 13+12+121667+13 us, 417 -> 835 MB, 10393258 (1930119333-1919726075) objects, 75527/68730/0 sweeps, 15818(875784) handoff, 31(298) steal, 81515/18014/124 yields
gc230(8): 35+10+124422+21 us, 417 -> 834 MB, 10377731 (1939741004-1929363273) objects, 75527/69428/0 sweeps, 16949(922780) handoff, 22(186) steal, 88250/19923/144 yields
gc231(8): 35+8+143004+12 us, 417 -> 835 MB, 10383368 (1949367192-1938983824) objects, 75527/68699/0 sweeps, 9646(754114) handoff, 30(283) steal, 35447/7306/71 yields
gc232(8): 27+13+123184+3 us, 417 -> 834 MB, 10381407 (1958992887-1948611480) objects, 75527/68699/0 sweeps, 16329(879256) handoff, 28(284) steal, 85366/18896/116 yields
gc233(8): 14+10+127025+16 us, 417 -> 835 MB, 10385797 (1968621766-1958235969) objects, 75527/67933/0 sweeps, 12168(743526) handoff, 33(308) steal, 53086/11732/62 yields
gc234(8): 32+9+122770+12 us, 417 -> 834 MB, 10363190 (1978229930-1967866740) objects, 75527/68878/0 sweeps, 16014(869051) handoff, 29(308) steal, 84197/18932/132 yields
gc235(8): 34+9+129578+14 us, 417 -> 835 MB, 10393028 (1987866388-1977473360) objects, 75527/69255/0 sweeps, 15060(898508) handoff, 32(349) steal, 64397/12516/75 yields
gc236(8): 21+10+121685+14 us, 417 -> 834 MB, 10374943 (1997488632-1987113689) objects, 75533/68745/0 sweeps, 15842(857064) handoff, 42(351) steal, 82849/18699/118 yields
gc24(8): 3+16+328+7 us, 1 -> 1 MB, 11387 (122820-111433) objects, 400/314/0 sweeps, 44(888) handoff, 4(6) steal, 328/15/0 yields
scvg11: GC forced
scvg11: inuse: 2, idle: 1, sys: 4, released: 1, consumed: 2 (MB)
gc237(8): 25+11+121094+18 us, 416 -> 833 MB, 10366832 (2007106029-1996739197) objects, 75533/68320/0 sweeps, 15196(831811) handoff, 46(348) steal, 78939/18050/168 yields
scvg11: inuse: 826, idle: 16, sys: 842, released: 0, consumed: 842 (MB)
gc238(8): 38+8+121090+11 us, 415 -> 832 MB, 10337474 (2016701652-2006364178) objects, 75533/68269/0 sweeps, 15840(847915) handoff, 35(305) steal, 84690/19047/121 yields
gc239(8): 11+10+121106+26 us, 416 -> 833 MB, 10355438 (2026310124-2015954686) objects, 75533/68556/0 sweeps, 15848(869924) handoff, 18(207) steal, 83454/18758/106 yields
gc240(8): 23+12+122411+117 us, 417 -> 835 MB, 10388002 (2035942322-2025554320) objects, 75533/68716/0 sweeps, 15860(876079) handoff, 27(278) steal, 84860/19411/124 yields
gc241(8): 18+10+120734+16 us, 417 -> 834 MB, 10373957 (2045559368-2035185411) objects, 75533/69032/0 sweeps, 15355(856268) handoff, 36(314) steal, 80008/17859/112 yields
gc242(8): 13+12+125014+14 us, 417 -> 835 MB, 10389088 (2055191461-2044802373) objects, 75533/68653/0 sweeps, 15949(871659) handoff, 31(306) steal, 82114/18391/124 yields
gc243(8): 22+13+125121+16 us, 417 -> 835 MB, 10389141 (2064823718-2054434577) objects, 75533/67859/0 sweeps, 17497(944143) handoff, 32(260) steal, 92338/20856/147 yields
gc244(8): 41+7+128506+24 us, 417 -> 835 MB, 10385267 (2074452573-2064067306) objects, 75533/68773/0 sweeps, 17078(937562) handoff, 33(292) steal, 90911/20530/123 yields
gc245(8): 10+10+122676+22 us, 416 -> 833 MB, 10360152 (2084064121-2073703969) objects, 75533/68398/0 sweeps, 15105(813984) handoff, 29(313) steal, 78309/17700/118 yields
gc246(8): 22+11+127799+3 us, 416 -> 832 MB, 10350108 (2093667092-2083316984) objects, 75533/68819/0 sweeps, 11540(781267) handoff, 28(291) steal, 42578/8989/25 yields
gc247(8): 17+11+125349+18 us, 417 -> 835 MB, 10376425 (2103284866-2092908441) objects, 75533/67891/0 sweeps, 14126(784006) handoff, 25(254) steal, 67051/13543/50 yields
gc248(8): 25+14+121795+17 us, 417 -> 835 MB, 10386717 (2112914478-2102527761) objects, 75533/68905/0 sweeps, 15385(848541) handoff, 27(225) steal, 80705/17761/132 yields
gc249(8): 20+8+123114+15 us, 417 -> 835 MB, 10391487 (2122549473-2112157986) objects, 75546/68866/0 sweeps, 16475(908051) handoff, 25(222) steal, 87303/19420/137 yields
gc250(8): 41+9+122081+14 us, 417 -> 834 MB, 10366980 (2132163908-2121796928) objects, 75546/68563/0 sweeps, 15819(852048) handoff, 30(279) steal, 83672/18951/130 yields
gc251(8): 45+10+120296+14 us, 416 -> 833 MB, 10358172 (2141774126-2131415954) objects, 75546/68175/0 sweeps, 15497(866999) handoff, 34(321) steal, 81801/17974/74 yields
gc252(8): 37+11+122346+13 us, 416 -> 833 MB, 10368204 (2151391597-2141023393) objects, 75546/68675/0 sweeps, 16212(868257) handoff, 20(199) steal, 85638/19185/146 yields
gc253(8): 24+7+124304+102 us, 417 -> 834 MB, 10384160 (2161021716-2150637556) objects, 75546/67794/0 sweeps, 14937(866219) handoff, 40(328) steal, 73677/16457/102 yields
scvg12: inuse: 2, idle: 1, sys: 4, released: 1, consumed: 2 (MB)
gc254(8): 23+8+121559+14 us, 417 -> 834 MB, 10372431 (2170641470-2160269039) objects, 75546/68205/0 sweeps, 15547(847008) handoff, 21(189) steal, 82883/18995/143 yields
gc255(8): 13+9+119873+137 us, 416 -> 833 MB, 10367890 (2180259791-2169891901) objects, 75546/68393/0 sweeps, 15460(859698) handoff, 34(344) steal, 80483/17707/82 yields
scvg12: inuse: 598, idle: 243, sys: 842, released: 0, consumed: 842 (MB)
gc256(8): 23+12+130435+22 us, 417 -> 834 MB, 10379593 (2189885587-2179505994) objects, 75546/68668/0 sweeps, 15857(892991) handoff, 41(386) steal, 82472/18486/130 yields
gc257(8): 30+9+121687+19 us, 417 -> 835 MB, 10391696 (2199521216-2189129520) objects, 75546/69277/0 sweeps, 15130(835816) handoff, 31(263) steal, 79366/17948/152 yields
gc258(8): 38+8+121955+13 us, 417 -> 834 MB, 10378372 (2209145884-2198767512) objects, 75546/68613/0 sweeps, 15645(866634) handoff, 26(265) steal, 81886/18370/143 yields
gc259(8): 25+13+123541+141 us, 417 -> 834 MB, 10373484 (2218765791-2208392307) objects, 75546/67178/0 sweeps, 15701(846192) handoff, 36(322) steal, 82937/18448/134 yields
gc260(8): 57+8+120997+10 us, 417 -> 835 MB, 10387874 (2228397640-2218009766) objects, 75546/68223/0 sweeps, 14922(833135) handoff, 29(268) steal, 78511/16894/104 yields
gc261(8): 15+14+124665+22 us, 417 -> 835 MB, 10388030 (2238029544-2227641514) objects, 75546/69230/0 sweeps, 16633(900503) handoff, 15(185) steal, 87467/19445/129 yields
gc262(8): 9+9+122694+120 us, 417 -> 834 MB, 10381107 (2247654521-2237273414) objects, 75546/68165/0 sweeps, 15862(877320) handoff, 44(337) steal, 82295/18331/86 yields
gc263(8): 5+9+129204+14 us, 417 -> 835 MB, 10380535 (2257277051-2246896516) objects, 75546/68662/0 sweeps, 11052(720562) handoff, 31(317) steal, 42604/8876/51 yields
gc264(8): 27+14+121434+3 us, 417 -> 835 MB, 10384156 (2266903971-2256519815) objects, 75546/68121/0 sweeps, 15437(855856) handoff, 34(299) steal, 80885/18027/108 yields
gc265(8): 30+10+127839+15 us, 417 -> 835 MB, 10392867 (2276540663-2266147796) objects, 75553/67842/0 sweeps, 12505(765823) handoff, 32(310) steal, 54563/12195/65 yields
gc266(8): 11+10+121166+23 us, 416 -> 833 MB, 10368598 (2286159255-2275790657) objects, 75553/68268/0 sweeps, 15221(845390) handoff, 32(309) steal, 79985/17779/155 yields
gc267(8): 58+11+122974+10 us, 416 -> 832 MB, 10333454 (2295747619-2285414165) objects, 75553/68542/0 sweeps, 16158(889192) handoff, 34(309) steal, 83512/19004/107 yields
gc268(8): 20+12+122204+17 us, 417 -> 834 MB, 10380844 (2305376346-2294995502) objects, 75553/68809/0 sweeps, 16046(868856) handoff, 15(180) steal, 83839/18819/128 yields
gc269(8): 13+8+122804+138 us, 417 -> 835 MB, 10380232 (2315000187-2304619955) objects, 75553/68843/0 sweeps, 16311(890070) handoff, 20(232) steal, 85265/19134/141 yields
gc270(8): 12+9+122708+18 us, 417 -> 835 MB, 10399035 (2324644013-2314244978) objects, 75553/68713/0 sweeps, 15792(846535) handoff, 40(320) steal, 84181/19168/128 yields
gc25(8): 17+18+377+17 us, 1 -> 1 MB, 11388 (122821-111433) objects, 400/314/0 sweeps, 45(732) handoff, 6(8) steal, 374/24/0 yields
scvg13: GC forced
scvg13: inuse: 2, idle: 1, sys: 4, released: 1, consumed: 2 (MB)
gc271(8): 48+10+122647+17 us, 416 -> 832 MB, 10353537 (2334252716-2323899179) objects, 75553/69277/0 sweeps, 16345(885536) handoff, 36(322) steal, 84819/19383/186 yields
gc272(8): 16+9+120967+23 us, 416 -> 833 MB, 10356411 (2343862073-2333505662) objects, 75553/67566/0 sweeps, 15368(853953) handoff, 30(298) steal, 80142/17742/123 yields
scvg13: inuse: 681, idle: 160, sys: 842, released: 0, consumed: 842 (MB)
gc273(8): 42+10+121797+18 us, 417 -> 834 MB, 10375055 (2353483392-2343108337) objects, 75553/68218/0 sweeps, 15760(873126) handoff, 32(283) steal, 82832/18584/126 yields
gc274(8): 17+7+121428+15 us, 417 -> 835 MB, 10388104 (2363115232-2352727128) objects, 75553/68653/0 sweeps, 16177(896496) handoff, 27(262) steal, 83660/18634/118 yields
gc275(8): 38+7+121564+3 us, 417 -> 834 MB, 10380394 (2372740861-2362360467) objects, 75553/68693/0 sweeps, 15733(867281) handoff, 37(311) steal, 82325/18316/144 yields
gc276(8): 17+10+123659+3 us, 417 -> 834 MB, 10378599 (2382364298-2371985699) objects, 75553/68486/0 sweeps, 15247(854007) handoff, 35(265) steal, 76971/16670/73 yields
gc277(8): 44+9+122194+5 us, 417 -> 835 MB, 10392738 (2392001153-2381608415) objects, 75553/68165/0 sweeps, 15885(869130) handoff, 43(373) steal, 82787/18157/71 yields
gc278(8): 19+13+128905+126 us, 417 -> 834 MB, 10377393 (2401626963-2391249570) objects, 75553/68873/0 sweeps, 18858(1006242) handoff, 40(334) steal, 101494/23337/138 yields
gc279(8): 53+9+124028+4 us, 416 -> 833 MB, 10372315 (2411250835-2400878520) objects, 75553/68747/0 sweeps, 17164(915351) handoff, 37(332) steal, 89466/20350/177 yields
gc280(8): 25+15+125770+20 us, 416 -> 832 MB, 10339787 (2420847186-2410507399) objects, 75553/68308/0 sweeps, 16622(905231) handoff, 28(270) steal, 86902/19357/103 yields
gc281(8): 15+11+123436+17 us, 416 -> 833 MB, 10368619 (2430465154-2420096535) objects, 75553/68036/0 sweeps, 16629(906096) handoff, 33(300) steal, 87561/19555/147 yields
gc282(8): 18+13+128532+21 us, 417 -> 835 MB, 10381068 (2440089339-2429708271) objects, 75553/68820/0 sweeps, 11333(753683) handoff, 42(358) steal, 42161/8834/20 yields
gc283(8): 21+10+126369+24 us, 417 -> 835 MB, 10384536 (2449716403-2439331867) objects, 75553/68133/0 sweeps, 12052(694514) handoff, 36(324) steal, 55431/11105/53 yields
gc284(8): 23+15+128746+3 us, 417 -> 835 MB, 10389097 (2459349601-2448960504) objects, 75553/68988/0 sweeps, 12346(802792) handoff, 38(327) steal, 48445/10049/32 yields
gc285(8): 27+11+121908+17 us, 417 -> 834 MB, 10386962 (2468981212-2458594250) objects, 75553/68768/0 sweeps, 15875(862659) handoff, 33(295) steal, 82623/18578/111 yields
gc286(8): 7+11+121431+12 us, 416 -> 834 MB, 10364412 (2478593376-2468228964) objects, 75553/68337/0 sweeps, 15950(878565) handoff, 24(262) steal, 83417/18416/117 yields
gc287(8): 52+9+122517+13 us, 417 -> 834 MB, 10377944 (2488215627-2477837683) objects, 75553/68046/0 sweeps, 15746(866488) handoff, 33(308) steal, 84010/18662/136 yields
gc288(8): 34+8+121661+21 us, 417 -> 835 MB, 10390533 (2497849690-2487459157) objects, 75553/67528/0 sweeps, 16108(870845) handoff, 32(307) steal, 83929/18477/124 yields
scvg14: inuse: 2, idle: 1, sys: 4, released: 1, consumed: 2 (MB)
gc289(8): 39+10+122822+3 us, 417 -> 834 MB, 10370528 (2507464750-2497094222) objects, 75553/68929/0 sweeps, 14599(816392) handoff, 36(368) steal, 75203/16531/107 yields
scvg14: inuse: 793, idle: 49, sys: 842, released: 0, consumed: 842 (MB)
gc290(8): 24+9+127276+16 us, 417 -> 835 MB, 10378770 (2517085242-2506706472) objects, 75553/68307/0 sweeps, 17225(925644) handoff, 31(285) steal, 89208/20266/179 yields
gc291(8): 15+12+126908+16 us, 417 -> 835 MB, 10386684 (2526714370-2516327686) objects, 75553/67711/0 sweeps, 13021(785118) handoff, 36(328) steal, 59646/13110/64 yields
gc292(8): 9+12+121987+17 us, 417 -> 835 MB, 10382697 (2536339234-2525956537) objects, 75553/68591/0 sweeps, 15834(875399) handoff, 24(258) steal, 81653/18481/131 yields
gc293(8): 8+9+124262+3 us, 417 -> 834 MB, 10372174 (2545955365-2535583191) objects, 75553/68831/0 sweeps, 15883(863357) handoff, 25(248) steal, 80778/18781/116 yields
gc294(8): 18+14+123764+3 us, 417 -> 835 MB, 10384643 (2555582948-2545198305) objects, 75553/67652/0 sweeps, 16445(892019) handoff, 29(271) steal, 84484/19045/133 yields
gc295(8): 16+17+121402+12 us, 417 -> 835 MB, 10384339 (2565210772-2554826433) objects, 75553/68817/0 sweeps, 15619(867213) handoff, 33(287) steal, 81943/18473/117 yields
gc296(8): 10+11+120074+11 us, 416 -> 833 MB, 10367048 (2574827389-2564460341) objects, 75553/68179/0 sweeps, 15257(848311) handoff, 26(282) steal, 78976/17338/169 yields
gc297(8): 10+12+122231+12 us, 416 -> 832 MB, 10346699 (2584429555-2574082856) objects, 75553/69051/0 sweeps, 15252(846783) handoff, 32(270) steal, 78812/17228/135 yields
gc298(8): 17+16+123061+18 us, 416 -> 833 MB, 10358503 (2594040359-2583681856) objects, 75553/67804/0 sweeps, 14653(797627) handoff, 41(296) steal, 77528/17259/92 yields
gc299(8): 41+7+125664+4 us, 417 -> 834 MB, 10372756 (2603657393-2593284637) objects, 75553/69000/0 sweeps, 12746(693847) handoff, 40(396) steal, 60231/12341/39 yields
gc300(8): 25+10+129408+20 us, 417 -> 835 MB, 10386853 (2613287448-2602900595) objects, 75553/69006/0 sweeps, 12904(834485) handoff, 34(298) steal, 49751/10072/20 yields
gc301(8): 55+8+124036+20 us, 417 -> 835 MB, 10389781 (2622920444-2612530663) objects, 75553/68824/0 sweeps, 17060(925994) handoff, 28(280) steal, 89649/20169/120 yields
gc302(8): 10+14+136098+135 us, 417 -> 834 MB, 10383515 (2632548779-2622165264) objects, 75555/69320/0 sweeps, 16437(979321) handoff, 34(304) steal, 77077/16632/107 yields
gc303(8): 20+14+121132+14 us, 416 -> 833 MB, 10360490 (2642159580-2631799090) objects, 75555/68907/0 sweeps, 15356(854643) handoff, 47(374) steal, 79719/17837/139 yields
gc304(8): 40+10+134661+12 us, 416 -> 833 MB, 10363533 (2651772651-2641409118) objects, 75555/68514/0 sweeps, 13070(821356) handoff, 27(289) steal, 55746/12213/59 yields
gc305(8): 17+8+119955+26 us, 417 -> 835 MB, 10399479 (2661417326-2651017847) objects, 75555/67935/0 sweeps, 14896(847883) handoff, 38(346) steal, 77470/17211/109 yields
gc26(8): 2+13+299+11 us, 1 -> 1 MB, 11388 (122821-111433) objects, 400/314/0 sweeps, 51(809) handoff, 6(8) steal, 446/23/0 yields
scvg15: GC forced
scvg15: inuse: 2, idle: 1, sys: 4, released: 1, consumed: 2 (MB)
gc306(8): 31+10+132507+9 us, 416 -> 833 MB, 10353663 (2671023796-2660670133) objects, 75555/68693/0 sweeps, 8261(571479) handoff, 30(282) steal, 32996/7303/42 yields
gc307(8): 14+11+121047+16 us, 416 -> 832 MB, 10352343 (2680630475-2670278132) objects, 75555/68801/0 sweeps, 15608(854895) handoff, 27(290) steal, 82719/18455/141 yields
scvg15: inuse: 587, idle: 254, sys: 842, released: 0, consumed: 842 (MB)
gc308(8): 19+15+121376+18 us, 416 -> 833 MB, 10361459 (2690242149-2679880690) objects, 75555/68622/0 sweeps, 15573(860657) handoff, 36(341) steal, 80106/17813/147 yields
gc309(8): 12+13+122404+23 us, 417 -> 835 MB, 10383273 (2699868511-2689485238) objects, 75555/67744/0 sweeps, 16169(875691) handoff, 23(218) steal, 86180/19242/88 yields
gc310(8): 45+9+121260+19 us, 417 -> 835 MB, 10393928 (2709506421-2699112493) objects, 75555/68487/0 sweeps, 15780(867610) handoff, 22(275) steal, 81574/18022/143 yields
gc311(8): 28+10+123220+138 us, 417 -> 835 MB, 10379800 (2719128783-2708748983) objects, 75555/68236/0 sweeps, 16808(912592) handoff, 46(325) steal, 87908/19699/143 yields
gc312(8): 70+10+126678+24 us, 417 -> 835 MB, 10384343 (2728756176-2718371833) objects, 75555/68519/0 sweeps, 18454(984149) handoff, 22(206) steal, 95974/21267/119 yields
gc313(8): 10+8+121804+3 us, 417 -> 835 MB, 10387725 (2738386995-2727999270) objects, 75555/68799/0 sweeps, 14840(838383) handoff, 32(266) steal, 76782/17249/147 yields
gc314(8): 22+9+124041+3 us, 417 -> 835 MB, 10388225 (2748018439-2737630214) objects, 75555/69246/0 sweeps, 16655(890418) handoff, 39(316) steal, 88830/20022/115 yields
gc315(8): 32+11+124706+29 us, 416 -> 832 MB, 10356534 (2757629992-2747273458) objects, 75555/68862/0 sweeps, 14993(762413) handoff, 31(294) steal, 78192/17842/99 yields
gc316(8): 14+12+121806+19 us, 415 -> 831 MB, 10320560 (2767208200-2756887640) objects, 75555/68141/0 sweeps, 15804(881615) handoff, 35(322) steal, 82756/18362/109 yields
gc317(8): 11+7+126227+8 us, 417 -> 835 MB, 10383430 (2776834053-2766450623) objects, 75555/68588/0 sweeps, 13301(807257) handoff, 40(351) steal, 58358/12936/83 yields
gc318(8): 46+8+124803+22 us, 417 -> 835 MB, 10390463 (2786467679-2776077216) objects, 75555/68676/0 sweeps, 17141(939688) handoff, 35(293) steal, 89333/20498/178 yields
